ARM Linker, 5.03 [Build 76] [MDK-ARM Standard]

==============================================================================

Section Cross References

    stm32lib_include.o(i.ADC_DeInit) refers to stm32lib_include.o(i.RCC_APB2PeriphResetCmd) for RCC_APB2PeriphResetCmd
    stm32lib_include.o(i.BKP_DeInit) refers to stm32lib_include.o(i.RCC_BackupResetCmd) for RCC_BackupResetCmd
    stm32lib_include.o(i.CAN_DeInit) refers to stm32lib_include.o(i.RCC_APB1PeriphResetCmd) for RCC_APB1PeriphResetCmd
    stm32lib_include.o(i.CAN_GetITStatus) refers to stm32lib_include.o(i.CheckITStatus) for CheckITStatus
    stm32lib_include.o(i.CEC_DeInit) refers to stm32lib_include.o(i.RCC_APB1PeriphResetCmd) for RCC_APB1PeriphResetCmd
    stm32lib_include.o(i.DAC_DeInit) refers to stm32lib_include.o(i.RCC_APB1PeriphResetCmd) for RCC_APB1PeriphResetCmd
    stm32lib_include.o(i.FLASH_EnableWriteProtection) refers to stm32lib_include.o(i.FLASH_WaitForLastOperation) for FLASH_WaitForLastOperation
    stm32lib_include.o(i.FLASH_EraseAllBank1Pages) refers to stm32lib_include.o(i.FLASH_WaitForLastBank1Operation) for FLASH_WaitForLastBank1Operation
    stm32lib_include.o(i.FLASH_EraseAllPages) refers to stm32lib_include.o(i.FLASH_WaitForLastOperation) for FLASH_WaitForLastOperation
    stm32lib_include.o(i.FLASH_EraseOptionBytes) refers to stm32lib_include.o(i.FLASH_GetReadOutProtectionStatus) for FLASH_GetReadOutProtectionStatus
    stm32lib_include.o(i.FLASH_EraseOptionBytes) refers to stm32lib_include.o(i.FLASH_WaitForLastOperation) for FLASH_WaitForLastOperation
    stm32lib_include.o(i.FLASH_ErasePage) refers to stm32lib_include.o(i.FLASH_WaitForLastOperation) for FLASH_WaitForLastOperation
    stm32lib_include.o(i.FLASH_ProgramHalfWord) refers to stm32lib_include.o(i.FLASH_WaitForLastOperation) for FLASH_WaitForLastOperation
    stm32lib_include.o(i.FLASH_ProgramOptionByteData) refers to stm32lib_include.o(i.FLASH_WaitForLastOperation) for FLASH_WaitForLastOperation
    stm32lib_include.o(i.FLASH_ProgramWord) refers to stm32lib_include.o(i.FLASH_WaitForLastOperation) for FLASH_WaitForLastOperation
    stm32lib_include.o(i.FLASH_ReadOutProtection) refers to stm32lib_include.o(i.FLASH_WaitForLastOperation) for FLASH_WaitForLastOperation
    stm32lib_include.o(i.FLASH_UserOptionByteConfig) refers to stm32lib_include.o(i.FLASH_WaitForLastOperation) for FLASH_WaitForLastOperation
    stm32lib_include.o(i.FLASH_WaitForLastBank1Operation) refers to stm32lib_include.o(i.FLASH_GetBank1Status) for FLASH_GetBank1Status
    stm32lib_include.o(i.FLASH_WaitForLastOperation) refers to stm32lib_include.o(i.FLASH_GetBank1Status) for FLASH_GetBank1Status
    stm32lib_include.o(i.GPIO_AFIODeInit) refers to stm32lib_include.o(i.RCC_APB2PeriphResetCmd) for RCC_APB2PeriphResetCmd
    stm32lib_include.o(i.GPIO_DeInit) refers to stm32lib_include.o(i.RCC_APB2PeriphResetCmd) for RCC_APB2PeriphResetCmd
    stm32lib_include.o(i.HardFault_Handler) refers to board_driver.o(i.MCU_Reset) for MCU_Reset
    stm32lib_include.o(i.I2C_DeInit) refers to stm32lib_include.o(i.RCC_APB1PeriphResetCmd) for RCC_APB1PeriphResetCmd
    stm32lib_include.o(i.I2C_Init) refers to stm32lib_include.o(i.RCC_GetClocksFreq) for RCC_GetClocksFreq
    stm32lib_include.o(i.I2S_Init) refers to stm32lib_include.o(i.RCC_GetClocksFreq) for RCC_GetClocksFreq
    stm32lib_include.o(i.PWR_DeInit) refers to stm32lib_include.o(i.RCC_APB1PeriphResetCmd) for RCC_APB1PeriphResetCmd
    stm32lib_include.o(i.RCC_GetClocksFreq) refers to stm32lib_include.o(.data) for APBAHBPrescTable
    stm32lib_include.o(i.RCC_WaitForHSEStartUp) refers to stm32lib_include.o(i.RCC_GetFlagStatus) for RCC_GetFlagStatus
    stm32lib_include.o(i.RTC_SetAlarm) refers to stm32lib_include.o(i.RTC_EnterConfigMode) for RTC_EnterConfigMode
    stm32lib_include.o(i.RTC_SetAlarm) refers to stm32lib_include.o(i.RTC_ExitConfigMode) for RTC_ExitConfigMode
    stm32lib_include.o(i.RTC_SetCounter) refers to stm32lib_include.o(i.RTC_EnterConfigMode) for RTC_EnterConfigMode
    stm32lib_include.o(i.RTC_SetCounter) refers to stm32lib_include.o(i.RTC_ExitConfigMode) for RTC_ExitConfigMode
    stm32lib_include.o(i.RTC_SetPrescaler) refers to stm32lib_include.o(i.RTC_EnterConfigMode) for RTC_EnterConfigMode
    stm32lib_include.o(i.RTC_SetPrescaler) refers to stm32lib_include.o(i.RTC_ExitConfigMode) for RTC_ExitConfigMode
    stm32lib_include.o(i.SPI_I2S_DeInit) refers to stm32lib_include.o(i.RCC_APB2PeriphResetCmd) for RCC_APB2PeriphResetCmd
    stm32lib_include.o(i.SPI_I2S_DeInit) refers to stm32lib_include.o(i.RCC_APB1PeriphResetCmd) for RCC_APB1PeriphResetCmd
    stm32lib_include.o(i.SetSysClock) refers to stm32lib_include.o(i.SetSysClockTo72) for SetSysClockTo72
    stm32lib_include.o(i.SysTick_Handler) refers to tos.o(i.Tos_SysTick) for Tos_SysTick
    stm32lib_include.o(i.SystemCoreClockUpdate) refers to stm32lib_include.o(.data) for SystemCoreClock
[...]
    _main_init                               0x08005139   Thumb Code     0  entry9a.o(.ARM.Collect$$$$0000000B)
    __rt_final_cpp                           0x08005141   Thumb Code     0  entry10a.o(.ARM.Collect$$$$0000000D)
    __rt_final_exit                          0x08005141   Thumb Code     0  entry11a.o(.ARM.Collect$$$$0000000F)
    Reset_Handler                            0x08005145   Thumb Code     8  startup_stm32f10x_hd.o(.text)
    ADC1_2_IRQHandler                        0x0800515f   Thumb Code     0  startup_stm32f10x_hd.o(.text)
    ADC3_IRQHandler                          0x0800515f   Thumb Code     0  startup_stm32f10x_hd.o(.text)
    CAN1_RX1_IRQHandler                      0x0800515f   Thumb Code     0  startup_stm32f10x_hd.o(.text)
    CAN1_SCE_IRQHandler                      0x0800515f   Thumb Code     0  startup_stm32f10x_hd.o(.text)
    DMA1_Channel1_IRQHandler                 0x0800515f   Thumb Code     0  startup_stm32f10x_hd.o(.text)
    DMA1_Channel2_IRQHandler                 0x0800515f   Thumb Code     0  startup_stm32f10x_hd.o(.text)
    DMA1_Channel3_IRQHandler                 0x0800515f   Thumb Code     0  startup_stm32f10x_hd.o(.text)
    DMA1_Channel4_IRQHandler                 0x0800515f   Thumb Code     0  startup_stm32f10x_hd.o(.text)
    DMA1_Channel5_IRQHandler                 0x0800515f   Thumb Code     0  startup_stm32f10x_hd.o(.text)
    DMA1_Channel6_IRQHandler                 0x0800515f   Thumb Code     0  startup_stm32f10x_hd.o(.text)
    DMA1_Channel7_IRQHandler                 0x0800515f   Thumb Code     0  startup_stm32f10x_hd.o(.text)
    DMA2_Channel1_IRQHandler                 0x0800515f   Thumb Code     0  startup_stm32f10x_hd.o(.text)
    DMA2_Channel2_IRQHandler                 0x0800515f   Thumb Code     0  startup_stm32f10x_hd.o(.text)
    DMA2_Channel3_IRQHandler                 0x0800515f   Thumb Code     0  startup_stm32f10x_hd.o(.text)
    DMA2_Channel4_5_IRQHandler               0x0800515f   Thumb Code     0  startup_stm32f10x_hd.o(.text)
    EXTI15_10_IRQHandler                     0x0800515f   Thumb Code     0  startup_stm32f10x_hd.o(.text)
    EXTI1_IRQHandler                         0x0800515f   Thumb Code     0  startup_stm32f10x_hd.o(.text)
    EXTI2_IRQHandler                         0x0800515f   Thumb Code     0  startup_stm32f10x_hd.o(.text)
    EXTI3_IRQHandler                         0x0800515f   Thumb Code     0  startup_stm32f10x_hd.o(.text)
    EXTI4_IRQHandler                         0x0800515f   Thumb Code     0  startup_stm32f10x_hd.o(.text)
    EXTI9_5_IRQHandler                       0x0800515f   Thumb Code     0  startup_stm32f10x_hd.o(.text)
    FLASH_IRQHandler                         0x0800515f   Thumb Code     0  startup_stm32f10x_hd.o(.text)
    FSMC_IRQHandler                          0x0800515f   Thumb Code     0  startup_stm32f10x_hd.o(.text)
    I2C1_ER_IRQHandler                       0x0800515f   Thumb Code     0  startup_stm32f10x_hd.o(.text)
    I2C1_EV_IRQHandler                       0x0800515f   Thumb Code     0  startup_stm32f10x_hd.o(.text)
    I2C2_ER_IRQHandler                       0x0800515f   Thumb Code     0  startup_stm32f10x_hd.o(.text)
    I2C2_EV_IRQHandler                       0x0800515f   Thumb Code     0  startup_stm32f10x_hd.o(.text)
    PVD_IRQHandler                           0x0800515f   Thumb Code     0  startup_stm32f10x_hd.o(.text)
    RCC_IRQHandler                           0x0800515f   Thumb Code     0  startup_stm32f10x_hd.o(.text)
    RTCAlarm_IRQHandler                      0x0800515f   Thumb Code     0  startup_stm32f10x_hd.o(.text)
    RTC_IRQHandler                           0x0800515f   Thumb Code     0  startup_stm32f10x_hd.o(.text)
    SDIO_IRQHandler                          0x0800515f   Thumb Code     0  startup_stm32f10x_hd.o(.text)
    SPI1_IRQHandler                          0x0800515f   Thumb Code     0  startup_stm32f10x_hd.o(.text)
    SPI2_IRQHandler                          0x0800515f   Thumb Code     0  startup_stm32f10x_hd.o(.text)
    SPI3_IRQHandler                          0x0800515f   Thumb Code     0  startup_stm32f10x_hd.o(.text)
    TAMPER_IRQHandler                        0x0800515f   Thumb Code     0  startup_stm32f10x_hd.o(.text)
    TIM1_BRK_IRQHandler                      0x0800515f   Thumb Code     0  startup_stm32f10x_hd.o(.text)
    TIM1_CC_IRQHandler                       0x0800515f   Thumb Code     0  startup_stm32f10x_hd.o(.text)
    TIM1_TRG_COM_IRQHandler                  0x0800515f   Thumb Code     0  startup_stm32f10x_hd.o(.text)
    TIM1_UP_IRQHandler                       0x0800515f   Thumb Code     0  startup_stm32f10x_hd.o(.text)
    TIM2_IRQHandler                          0x0800515f   Thumb Code     0  startup_stm32f10x_hd.o(.text)
    TIM3_IRQHandler                          0x0800515f   Thumb Code     0  startup_stm32f10x_hd.o(.text)
    TIM4_IRQHandler                          0x0800515f   Thumb Code     0  startup_stm32f10x_hd.o(.text)
    TIM5_IRQHandler                          0x0800515f   Thumb Code     0  startup_stm32f10x_hd.o(.text)
    TIM6_IRQHandler                          0x0800515f   Thumb Code     0  startup_stm32f10x_hd.o(.text)
    TIM7_IRQHandler                          0x0800515f   Thumb Code     0  startup_stm32f10x_hd.o(.text)
    TIM8_BRK_IRQHandler                      0x0800515f   Thumb Code     0  startup_stm32f10x_hd.o(.text)
    TIM8_CC_IRQHandler                       0x0800515f   Thumb Code     0  startup_stm32f10x_hd.o(.text)
    TIM8_TRG_COM_IRQHandler                  0x0800515f   Thumb Code     0  startup_stm32f10x_hd.o(.text)
    TIM8_UP_IRQHandler                       0x0800515f   Thumb Code     0  startup_stm32f10x_hd.o(.text)
    USB_HP_CAN1_TX_IRQHandler                0x0800515f   Thumb Code     0  startup_stm32f10x_hd.o(.text)
    USB_LP_CAN1_RX0_IRQHandler               0x0800515f   Thumb Code     0  startup_stm32f10x_hd.o(.text)
    WWDG_IRQHandler                          0x0800515f   Thumb Code     0  startup_stm32f10x_hd.o(.text)
    strstr                                   0x08005169   Thumb Code    36  strstr.o(.text)
    __aeabi_fadd                             0x0800518d   Thumb Code   164  fadd.o(.text)
    __aeabi_fsub                             0x08005231   Thumb Code     6  fadd.o(.text)
    __aeabi_frsub                            0x08005237   Thumb Code     6  fadd.o(.text)
    __aeabi_fmul                             0x0800523d   Thumb Code   108  fmul.o(.text)
    __aeabi_fdiv                             0x080052a9   Thumb Code   128  fdiv.o(.text)
    __aeabi_dadd                             0x08005329   Thumb Code   322  dadd.o(.text)
    __aeabi_dsub                             0x0800546b   Thumb Code     6  dadd.o(.text)
    __aeabi_drsub                            0x08005471   Thumb Code     6  dadd.o(.text)
    __aeabi_dmul                             0x08005477   Thumb Code   228  dmul.o(.text)
    __aeabi_ddiv                             0x0800555b   Thumb Code   222  ddiv.o(.text)
    __aeabi_i2f                              0x08005639   Thumb Code    18  fflti.o(.text)
    __aeabi_ui2f                             0x0800564b   Thumb Code    10  ffltui.o(.text)
    __aeabi_ui2d                             0x08005655   Thumb Code    26  dfltui.o(.text)
    __aeabi_f2iz                             0x0800566f   Thumb Code    50  ffixi.o(.text)
    __aeabi_f2uiz                            0x080056a1   Thumb Code    40  ffixui.o(.text)
    __aeabi_d2iz                             0x080056c9   Thumb Code    62  dfixi.o(.text)
    __aeabi_f2d                              0x08005707   Thumb Code    38  f2d.o(.text)
    __aeabi_cdcmpeq                          0x0800572d   Thumb Code     0  cdcmple.o(.text)
    __aeabi_cdcmple                          0x0800572d   Thumb Code    38  cdcmple.o(.text)
    __aeabi_cdrcmple                         0x08005755   Thumb Code    38  cdrcmple.o(.text)
    __aeabi_d2f                              0x0800577d   Thumb Code    56  d2f.o(.text)
    __aeabi_cfcmpeq                          0x080057b5   Thumb Code     0  cfcmple.o(.text)
    __aeabi_cfcmple                          0x080057b5   Thumb Code    20  cfcmple.o(.text)
    __aeabi_cfrcmple                         0x080057c9   Thumb Code    20  cfrcmple.o(.text)
    __aeabi_uidiv                            0x080057dd   Thumb Code     0  uidiv.o(.text)
    __aeabi_uidivmod                         0x080057dd   Thumb Code    44  uidiv.o(.text)
    __aeabi_uldivmod                         0x08005809   Thumb Code    98  uldiv.o(.text)
    __aeabi_llsl                             0x0800586b   Thumb Code    30  llshl.o(.text)
    _ll_shift_l                              0x0800586b   Thumb Code     0  llshl.o(.text)
    __aeabi_llsr                             0x08005889   Thumb Code    32  llushr.o(.text)
    _ll_ushift_r                             0x08005889   Thumb Code     0  llushr.o(.text)
    __aeabi_lasr                             0x080058a9   Thumb Code    36  llsshr.o(.text)
    _ll_sshift_r                             0x080058a9   Thumb Code     0  llsshr.o(.text)
    __I$use$fp                               0x080058cd   Thumb Code     0  iusefp.o(.text)
    _float_round                             0x080058cd   Thumb Code    18  fepilogue.o(.text)
    _float_epilogue                          0x080058df   Thumb Code    90  fepilogue.o(.text)
    _double_round                            0x08005939   Thumb Code    26  depilogue.o(.text)
    _double_epilogue                         0x08005953   Thumb Code   164  depilogue.o(.text)
    __aeabi_d2ulz                            0x080059f7   Thumb Code    48  dfixul.o(.text)
    __scatterload                            0x08005a29   Thumb Code    28  init.o(.text)
    __scatterload_rt2                        0x08005a29   Thumb Code     0  init.o(.text)
    TOS_ContextSwitch                        0x08005a4d   Thumb Code     0  tos_core_a.o(TOS_CORE_A)
    TOS_SwitchToTask                         0x08005a7f   Thumb Code     0  tos_core_a.o(TOS_CORE_A)
    ADC1_Init                                0x08005acd   Thumb Code    16  main.o(i.ADC1_Init)
    ADC_Cmd                                  0x08005bb9   Thumb Code    22  stm32lib_include.o(i.ADC_Cmd)
    ADC_DMACmd                               0x08005bcf   Thumb Code    22  stm32lib_include.o(i.ADC_DMACmd)
    ADC_GetCalibrationStatus                 0x08005be5   Thumb Code    20  stm32lib_include.o(i.ADC_GetCalibrationStatus)
    ADC_GetResetCalibrationStatus            0x08005bf9   Thumb Code    20  stm32lib_include.o(i.ADC_GetResetCalibrationStatus)
    ADC_Init                                 0x08005c0d   Thumb Code    70  stm32lib_include.o(i.ADC_Init)
    ADC_RegularChannelConfig                 0x08005c5d   Thumb Code   184  stm32lib_include.o(i.ADC_RegularChannelConfig)
    ADC_ResetCalibration                     0x08005d15   Thumb Code    10  stm32lib_include.o(i.ADC_ResetCalibration)
    ADC_SoftwareStartConvCmd                 0x08005d1f   Thumb Code    22  stm32lib_include.o(i.ADC_SoftwareStartConvCmd)
    ADC_StartCalibration                     0x08005d35   Thumb Code    10  stm32lib_include.o(i.ADC_StartCalibration)
    Abs                                      0x08005d3f   Thumb Code    28  text.o(i.Abs)
    BEEP_Double                              0x08005d5d   Thumb Code    54  main.o(i.BEEP_Double)
    BOOL_LoadConfigs                         0x08005d99   Thumb Code    36  main.o(i.BOOL_LoadConfigs)
    BareDelay                                0x08005dd5   Thumb Code    26  board_driver.o(i.BareDelay)
    Bcd_Decimal                              0x08005def   Thumb Code    16  text.o(i.Bcd_Decimal)
    BinarySearch                             0x08005e01   Thumb Code    66  main.o(i.BinarySearch)
    BufferCoppy                              0x08005e49   Thumb Code    34  text.o(i.BufferCoppy)
    BufferFill                               0x08005e6b   Thumb Code    22  text.o(i.BufferFill)
    BusFault_Handler                         0x08005e81   Thumb Code     4  stm32lib_include.o(i.BusFault_Handler)
    COM_Menu_Enter                           0x08005e85   Thumb Code   274  main.o(i.COM_Menu_Enter)
    COM_Menu_Load                            0x08005fa5   Thumb Code    48  main.o(i.COM_Menu_Load)
    CheckCallNumber                          0x08005fd9   Thumb Code    48  main.o(i.CheckCallNumber)
    ClearWithBuffer                          0x08006009   Thumb Code    20  text.o(i.ClearWithBuffer)
    DHT11_Check                              0x0800601d   Thumb Code    90  main.o(i.DHT11_Check)
    DHT11_DelayMs                            0x08006081   Thumb Code    32  main.o(i.DHT11_DelayMs)
    DHT11_DelayUs                            0x080060a1   Thumb Code    30  main.o(i.DHT11_DelayUs)
    DHT11_GetFloat                           0x080060c1   Thumb Code   120  main.o(i.DHT11_GetFloat)
    DHT11_PortIN                             0x08006145   Thumb Code    34  main.o(i.DHT11_PortIN)
    DHT11_PortOUT                            0x08006171   Thumb Code    34  main.o(i.DHT11_PortOUT)
    DHT11_Read                               0x0800619d   Thumb Code   106  main.o(i.DHT11_Read)
    DHT11_Read_Bit                           0x08006209   Thumb Code    94  main.o(i.DHT11_Read_Bit)
    DHT11_Read_Byte                          0x08006271   Thumb Code    30  main.o(i.DHT11_Read_Byte)
    DHT11_Rst                                0x08006291   Thumb Code    44  main.o(i.DHT11_Rst)
    DMA_Cmd                                  0x080062c5   Thumb Code    24  stm32lib_include.o(i.DMA_Cmd)
    DMA_DeInit                               0x080062dd   Thumb Code   324  stm32lib_include.o(i.DMA_DeInit)
    DMA_Init                                 0x08006429   Thumb Code    60  stm32lib_include.o(i.DMA_Init)
    DS18B20_Init                             0x08006465   Thumb Code    62  main.o(i.DS18B20_Init)
    DS_Check                                 0x080064ad   Thumb Code    90  main.o(i.DS_Check)
    DS_DelayUs                               0x08006511   Thumb Code    30  main.o(i.DS_DelayUs)
    DS_Get_Temp                              0x08006531   Thumb Code   234  main.o(i.DS_Get_Temp)
    DS_PortIN                                0x08006631   Thumb Code    34  main.o(i.DS_PortIN)
    DS_PortOUT                               0x0800665d   Thumb Code    34  main.o(i.DS_PortOUT)
    DS_Read_Bit                              0x08006689   Thumb Code    76  main.o(i.DS_Read_Bit)
    DS_Read_Byte                             0x080066dd   Thumb Code    34  main.o(i.DS_Read_Byte)
    DS_Read_Value                            0x08006701   Thumb Code   242  main.o(i.DS_Read_Value)
    DS_Rst                                   0x08006801   Thumb Code    46  main.o(i.DS_Rst)
    DS_SetPort                               0x08006839   Thumb Code    10  main.o(i.DS_SetPort)
    DS_Start                                 0x0800684d   Thumb Code    24  main.o(i.DS_Start)
    DS_Write_Byte                            0x08006865   Thumb Code   104  main.o(i.DS_Write_Byte)
    DTH11_SetPort                            0x080068d5   Thumb Code    10  main.o(i.DTH11_SetPort)
    DeBug                                    0x080068e9   Thumb Code   358  debug.o(i.DeBug)
    DeBug_Drop                               0x08006a75   Thumb Code     8  debug.o(i.DeBug_Drop)
    DeBug_Get                                0x08006a81   Thumb Code    10  debug.o(i.DeBug_Get)
    DeBug_OutSet                             0x08006a95   Thumb Code     6  debug.o(i.DeBug_OutSet)
    DeBug_SetType                            0x08006aa1   Thumb Code     6  debug.o(i.DeBug_SetType)
    DebugMon_Handler                         0x08006aad   Thumb Code     2  stm32lib_include.o(i.DebugMon_Handler)
    Decimal_Bcd                              0x08006aaf   Thumb Code    20  text.o(i.Decimal_Bcd)
    DeviceList_Init                          0x08006ac5   Thumb Code   112  tos_device.o(i.DeviceList_Init)
    DeviceList_Printf                        0x08006b45   Thumb Code   182  tos_device.o(i.DeviceList_Printf)
    DeviceMount_HT1621                       0x08006c2d   Thumb Code   180  main.o(i.DeviceMount_HT1621)
    DeviceMount_IO                           0x08006cf9   Thumb Code   180  main.o(i.DeviceMount_IO)
    DeviceMount_ISL1208                      0x08006dc1   Thumb Code   180  main.o(i.DeviceMount_ISL1208)
    DeviceMount_Usart                        0x08006e8d   Thumb Code   394  usart_driver.o(i.DeviceMount_Usart)
    DeviceMount_W25Q16                       0x08007051   Thumb Code   164  main.o(i.DeviceMount_W25Q16)
    Device_Init                              0x08007115   Thumb Code   152  tos_device.o(i.Device_Init)
    Device_Ok                                0x080071cd   Thumb Code    30  tos_device.o(i.Device_Ok)
    EXTI0_IRQHandler                         0x080071f1   Thumb Code    10  board_driver.o(i.EXTI0_IRQHandler)
    EXTI_ClearITPendingBit                   0x080071fd   Thumb Code     6  stm32lib_include.o(i.EXTI_ClearITPendingBit)
    EXTI_Init                                0x08007209   Thumb Code   142  stm32lib_include.o(i.EXTI_Init)
    FLASH_ErasePage                          0x0800729d   Thumb Code    72  stm32lib_include.o(i.FLASH_ErasePage)
    FLASH_GetBank1Status                     0x080072e9   Thumb Code    48  stm32lib_include.o(i.FLASH_GetBank1Status)
    FLASH_Lock                               0x0800731d   Thumb Code    14  stm32lib_include.o(i.FLASH_Lock)
    FLASH_ProgramHalfWord                    0x08007331   Thumb Code    60  stm32lib_include.o(i.FLASH_ProgramHalfWord)
    FLASH_Unlock                             0x08007371   Thumb Code    12  stm32lib_include.o(i.FLASH_Unlock)
    FLASH_WaitForLastOperation               0x08007389   Thumb Code    38  stm32lib_include.o(i.FLASH_WaitForLastOperation)
    FindFloatFromString                      0x080073af   Thumb Code   150  text.o(i.FindFloatFromString)
    FindHexFromString                        0x08007445   Thumb Code   162  text.o(i.FindHexFromString)
    FindNumFromString                        0x080074e7   Thumb Code   138  text.o(i.FindNumFromString)
    FindStringFromString                     0x08007571   Thumb Code   114  main.o(i.FindStringFromString)
    Flash_ReadData                           0x080075e3   Thumb Code    28  appconfig.o(i.Flash_ReadData)
    Flash_WriteData                          0x080075ff   Thumb Code   112  appconfig.o(i.Flash_WriteData)
    Float32FromByte                          0x0800766f   Thumb Code     8  text.o(i.Float32FromByte)
    Float32ToByte                            0x08007677   Thumb Code    32  text.o(i.Float32ToByte)
    FlowPoolFilter                           0x08007697   Thumb Code    58  text.o(i.FlowPoolFilter)
    FmtToBuf                                 0x080076d1   Thumb Code    30  text.o(i.FmtToBuf)
    GBKToString                              0x080076ef   Thumb Code    62  main.o(i.GBKToString)
    GBKToUniCode                             0x0800772d   Thumb Code    32  main.o(i.GBKToUniCode)
    GBKToUnicode                             0x0800774d   Thumb Code    38  main.o(i.GBKToUnicode)
    GPIO_DeInit                              0x08007779   Thumb Code   172  stm32lib_include.o(i.GPIO_DeInit)
    GPIO_EXTILineConfig                      0x08007841   Thumb Code    60  stm32lib_include.o(i.GPIO_EXTILineConfig)
    GPIO_Init                                0x08007881   Thumb Code   274  stm32lib_include.o(i.GPIO_Init)
    GPIO_InitList                            0x08007995   Thumb Code   124  board_driver.o(i.GPIO_InitList)
    GPIO_ReadInputDataBit                    0x08007a19   Thumb Code    18  stm32lib_include.o(i.GPIO_ReadInputDataBit)
    GPIO_ResetBits                           0x08007a2b   Thumb Code     4  stm32lib_include.o(i.GPIO_ResetBits)
    GPIO_SetBits                             0x08007a2f   Thumb Code     4  stm32lib_include.o(i.GPIO_SetBits)
    GPRS_Ack                                 0x08007a35   Thumb Code    86  main.o(i.GPRS_Ack)
    GPRS_AckDelay                            0x08007aa1   Thumb Code   102  main.o(i.GPRS_AckDelay)
    GPRS_AckTwo                              0x08007b1d   Thumb Code   110  main.o(i.GPRS_AckTwo)
    GPRS_CheckIpTrue                         0x08007ba1   Thumb Code    88  text.o(i.GPRS_CheckIpTrue)
    GPRS_CommandAck                          0x08007bf9   Thumb Code    22  main.o(i.GPRS_CommandAck)
    GPRS_CommandAckCount                     0x08007c11   Thumb Code   140  main.o(i.GPRS_CommandAckCount)
    GPRS_Connect                             0x08007cb1   Thumb Code   148  main.o(i.GPRS_Connect)
    GPRS_Printf                              0x08007da5   Thumb Code    92  main.o(i.GPRS_Printf)
    GPRS_PrintfString                        0x08007e25   Thumb Code    56  main.o(i.GPRS_PrintfString)
    GPRS_WhileAck                            0x08007e6d   Thumb Code    46  main.o(i.GPRS_WhileAck)
    GetChar_List                             0x08007e9b   Thumb Code   128  debug.o(i.GetChar_List)
    GetCodeStr16                             0x08007f1d   Thumb Code   124  main.o(i.GetCodeStr16)
    GetCodeStr64                             0x08007f9d   Thumb Code   106  tools.o(i.GetCodeStr64)
    GetHexFromString                         0x0800800d   Thumb Code   228  text.o(i.GetHexFromString)
    GetStringByFmt                           0x080080f1   Thumb Code    38  text.o(i.GetStringByFmt)
    GetStringToNumber                        0x08008119   Thumb Code   178  text.o(i.GetStringToNumber)
    GetTextLength                            0x080081dd   Thumb Code    24  text.o(i.GetTextLength)
    GetTosTask_Count                         0x080081f5   Thumb Code    38  tools.o(i.GetTosTask_Count)
    GetUnicodeString                         0x08008221   Thumb Code    36  main.o(i.GetUnicodeString)
    GetWordFromBytes                         0x0800824d   Thumb Code    38  text.o(i.GetWordFromBytes)
    Get_FlashSize                            0x08008275   Thumb Code     6  tools.o(i.Get_FlashSize)
    Get_Mon                                  0x08008281   Thumb Code   176  main.o(i.Get_Mon)
    Get_PragmDateTime                        0x08008361   Thumb Code    64  main.o(i.Get_PragmDateTime)
    Get_PrintfRecordCount                    0x080083b5   Thumb Code    70  main.o(i.Get_PrintfRecordCount)
    HT1621_Init                              0x0800840d   Thumb Code    68  main.o(i.HT1621_Init)
    HandKey_GetValue                         0x08008455   Thumb Code    46  main.o(i.HandKey_GetValue)
    HardFault_Handler                        0x0800848d   Thumb Code     8  stm32lib_include.o(i.HardFault_Handler)
    Ht1621Wr_Cmd                             0x08008495   Thumb Code    54  main.o(i.Ht1621Wr_Cmd)
    Ht1621Wr_Data                            0x080084d1   Thumb Code    90  main.o(i.Ht1621Wr_Data)
    Ht1621_Delay                             0x08008531   Thumb Code    20  main.o(i.Ht1621_Delay)
    Ht1621_DrawBase                          0x08008545   Thumb Code    52  main.o(i.Ht1621_DrawBase)
    Ht1621_DrawHome                          0x0800857d   Thumb Code  1048  main.o(i.Ht1621_DrawHome)
    Ht1621_DrawMenu                          0x08008995   Thumb Code    98  main.o(i.Ht1621_DrawMenu)
    Ht1621_DrawTime                          0x08008a2d   Thumb Code   190  main.o(i.Ht1621_DrawTime)
    Ht1621_DrawUpDown                        0x08008af5   Thumb Code   438  main.o(i.Ht1621_DrawUpDown)
    Ht1621_DrawUpgrade                       0x08008cd1   Thumb Code   562  main.o(i.Ht1621_DrawUpgrade)
    Ht1621_GetCode                           0x08008f2d   Thumb Code    22  main.o(i.Ht1621_GetCode)
    Ht1621_SHowDownString                    0x08008f49   Thumb Code   172  main.o(i.Ht1621_SHowDownString)
    Ht1621_SHowUpString                      0x08008ff9   Thumb Code   174  main.o(i.Ht1621_SHowUpString)
    Ht1621_ShowASCII                         0x080090ad   Thumb Code    40  main.o(i.Ht1621_ShowASCII)
    Ht1621_WriteReg                          0x080090d9   Thumb Code    62  main.o(i.Ht1621_WriteReg)
    I2C_Drop                                 0x0800911d   Thumb Code    14  i2c_driver.o(i.I2C_Drop)
    I2C_ReadDatas                            0x0800912b   Thumb Code   124  i2c_driver.o(i.I2C_ReadDatas)
    I2C_RecvBytes                            0x080091a7   Thumb Code   112  i2c_driver.o(i.I2C_RecvBytes)
    I2C_SendAck                              0x08009217   Thumb Code    44  i2c_driver.o(i.I2C_SendAck)
    I2C_SendBytes                            0x08009243   Thumb Code   138  i2c_driver.o(i.I2C_SendBytes)
    I2C_Start                                0x080092cd   Thumb Code    46  i2c_driver.o(i.I2C_Start)
    I2C_Stop                                 0x080092fb   Thumb Code    36  i2c_driver.o(i.I2C_Stop)
    I2C_WriteDatas                           0x0800931f   Thumb Code    92  i2c_driver.o(i.I2C_WriteDatas)
    ISL1208_GetATR                           0x0800937d   Thumb Code    44  main.o(i.ISL1208_GetATR)
    ISL1208_GetDateTime                      0x080093ad   Thumb Code   116  main.o(i.ISL1208_GetDateTime)
    ISL1208_IOCONTROL                        0x08009421   Thumb Code   120  main.o(i.ISL1208_IOCONTROL)
    ISL1208_Init                             0x0800949d   Thumb Code   184  main.o(i.ISL1208_Init)
    ISL1208_ReadReg                          0x0800955d   Thumb Code    28  main.o(i.ISL1208_ReadReg)
    ISL1208_SetAlarm                         0x0800957d   Thumb Code   158  main.o(i.ISL1208_SetAlarm)
    ISL1208_SetDateTime                      0x0800961b   Thumb Code    96  main.o(i.ISL1208_SetDateTime)
    ISL1208_WriteReg                         0x0800967d   Thumb Code    28  main.o(i.ISL1208_WriteReg)
    Load_AppConfig                           0x0800969d   Thumb Code    20  appconfig.o(i.Load_AppConfig)
    Load_VoidConfig                          0x080096b9   Thumb Code   102  appconfig.o(i.Load_VoidConfig)
    MCU_Reset                                0x08009721   Thumb Code    32  board_driver.o(i.MCU_Reset)
    MSG_Delete                               0x08009749   Thumb Code    30  main.o(i.MSG_Delete)
    MUI_GetKey                               0x0800978d   Thumb Code    34  main.o(i.MUI_GetKey)
    MUI_GetOptionString                      0x080097b1   Thumb Code   414  main.o(i.MUI_GetOptionString)
    MemManage_Handler                        0x08009955   Thumb Code     4  stm32lib_include.o(i.MemManage_Handler)
    Mema_Count                               0x08009959   Thumb Code    22  tos_mema.o(i.Mema_Count)
    Mema_Free                                0x08009975   Thumb Code    44  tos_mema.o(i.Mema_Free)
    Mema_Init                                0x080099a5   Thumb Code    22  tos_mema.o(i.Mema_Init)
    Mema_Malloc                              0x080099c1   Thumb Code    72  tos_mema.o(i.Mema_Malloc)
    Menu_OptionLength                        0x08009a0d   Thumb Code    22  main.o(i.Menu_OptionLength)
    ModBus_Create                            0x08009a23   Thumb Code    22  modbus.o(i.ModBus_Create)
    ModBus_CreateMsg                         0x08009a39   Thumb Code   280  modbus.o(i.ModBus_CreateMsg)
    ModBus_Expend                            0x08009b51   Thumb Code   364  modbus.o(i.ModBus_Expend)
    NMI_Handler                              0x08009cbd   Thumb Code     2  stm32lib_include.o(i.NMI_Handler)
    NVIC_Init                                0x08009cc1   Thumb Code   102  stm32lib_include.o(i.NVIC_Init)
    NVIC_PriorityGroupConfig                 0x08009d35   Thumb Code    10  stm32lib_include.o(i.NVIC_PriorityGroupConfig)
    NVIC_SetVectorTable                      0x08009d49   Thumb Code    12  stm32lib_include.o(i.NVIC_SetVectorTable)
    PDU_GetCenterNumber                      0x08009d5d   Thumb Code    54  main.o(i.PDU_GetCenterNumber)
    PWR_BackupAccessCmd                      0x08009db9   Thumb Code     6  stm32lib_include.o(i.PWR_BackupAccessCmd)
    PWR_EnterSTOPMode                        0x08009dc5   Thumb Code    54  stm32lib_include.o(i.PWR_EnterSTOPMode)
    PWR_WakeUpPinCmd                         0x08009e05   Thumb Code     6  stm32lib_include.o(i.PWR_WakeUpPinCmd)
    PendSV_Handler                           0x08009e11   Thumb Code     2  stm32lib_include.o(i.PendSV_Handler)
    Printf_BoardInfor                        0x08009e15   Thumb Code    44  tools.o(i.Printf_BoardInfor)
    Printf_LcdType                           0x08009ea5   Thumb Code     2  tools.o(i.Printf_LcdType)
    Printf_LockCode                          0x08009ea9   Thumb Code    24  tools.o(i.Printf_LockCode)
    Printf_NandInfor                         0x08009ecd   Thumb Code     2  tools.o(i.Printf_NandInfor)
    Printf_SysInfor                          0x08009ed1   Thumb Code    40  tools.o(i.Printf_SysInfor)
    Printf_TaskInfor                         0x08009f15   Thumb Code    22  tools.o(i.Printf_TaskInfor)
    Printf_TosInfor                          0x08009f55   Thumb Code    96  tools.o(i.Printf_TosInfor)
    QuectelM26Printf_Bytes                   0x08009fe9   Thumb Code    48  main.o(i.QuectelM26Printf_Bytes)
    QuectelM26_Config                        0x0800a02d   Thumb Code    40  main.o(i.QuectelM26_Config)
    QuectelM26_Connect                       0x0800a079   Thumb Code    42  main.o(i.QuectelM26_Connect)
    QuectelM26_ConnectNet                    0x0800a0d1   Thumb Code   170  main.o(i.QuectelM26_ConnectNet)
    QuectelM26_GetCSQ                        0x0800a215   Thumb Code    28  main.o(i.QuectelM26_GetCSQ)
    QuectelM26_GetNumString                  0x0800a249   Thumb Code   170  main.o(i.QuectelM26_GetNumString)
    QuectelM26_GetValue                      0x0800a2fd   Thumb Code   154  main.o(i.QuectelM26_GetValue)
    QuectelM26_Init                          0x0800a3a1   Thumb Code   268  main.o(i.QuectelM26_Init)
    QuectelM26_InitSMS                       0x0800a54d   Thumb Code   148  main.o(i.QuectelM26_InitSMS)
    QuectelM26_ReadShow                      0x0800a661   Thumb Code    60  main.o(i.QuectelM26_ReadShow)
    QuectelM26_SendCFG                       0x0800a6b5   Thumb Code   240  main.o(i.QuectelM26_SendCFG)
    QuectelM26_SendData                      0x0800a805   Thumb Code   530  main.o(i.QuectelM26_SendData)
    QuectelM26_SendHeartbeat                 0x0800aaa1   Thumb Code   250  main.o(i.QuectelM26_SendHeartbeat)
    QuectelM26_SendTextMsg                   0x0800ac19   Thumb Code   164  main.o(i.QuectelM26_SendTextMsg)
    QuectelM26_ShowSMS                       0x0800ace9   Thumb Code   360  main.o(i.QuectelM26_ShowSMS)
    RCC_ADCCLKConfig                         0x0800af39   Thumb Code    18  stm32lib_include.o(i.RCC_ADCCLKConfig)
    RCC_AHBPeriphClockCmd                    0x0800af51   Thumb Code    26  stm32lib_include.o(i.RCC_AHBPeriphClockCmd)
    RCC_APB1PeriphClockCmd                   0x0800af71   Thumb Code    26  stm32lib_include.o(i.RCC_APB1PeriphClockCmd)
    RCC_APB2PeriphClockCmd                   0x0800af91   Thumb Code    26  stm32lib_include.o(i.RCC_APB2PeriphClockCmd)
    RCC_APB2PeriphResetCmd                   0x0800afb1   Thumb Code    26  stm32lib_include.o(i.RCC_APB2PeriphResetCmd)
    RCC_GetClocksFreq                        0x0800afd1   Thumb Code   192  stm32lib_include.o(i.RCC_GetClocksFreq)
    RegServer_Connect                        0x0800b0a5   Thumb Code    38  main.o(i.RegServer_Connect)
    Reg_SendHead                             0x0800b105   Thumb Code    94  main.o(i.Reg_SendHead)
    Reg_SendInfor                            0x0800b1a5   Thumb Code   466  main.o(i.Reg_SendInfor)
    SPI_Cmd                                  0x0800b505   Thumb Code    24  stm32lib_include.o(i.SPI_Cmd)
    SPI_FLASH_BufferRead                     0x0800b51d   Thumb Code    76  main.o(i.SPI_FLASH_BufferRead)
    SPI_FLASH_BufferWrite                    0x0800b56d   Thumb Code   290  main.o(i.SPI_FLASH_BufferWrite)
    SPI_FLASH_Init                           0x0800b691   Thumb Code   176  main.o(i.SPI_FLASH_Init)
    SPI_FLASH_PageWrite                      0x0800b749   Thumb Code    92  main.o(i.SPI_FLASH_PageWrite)
    SPI_FLASH_SectorErase                    0x0800b7a9   Thumb Code    62  main.o(i.SPI_FLASH_SectorErase)
    SPI_FLASH_SendByte                       0x0800b7ed   Thumb Code    50  main.o(i.SPI_FLASH_SendByte)
    SPI_FLASH_WaitForWriteEnd                0x0800b825   Thumb Code    44  main.o(i.SPI_FLASH_WaitForWriteEnd)
    SPI_FLASH_WriteEnable                    0x0800b855   Thumb Code    26  main.o(i.SPI_FLASH_WriteEnable)
    SPI_I2S_GetFlagStatus                    0x0800b875   Thumb Code    18  stm32lib_include.o(i.SPI_I2S_GetFlagStatus)
    SPI_I2S_ReceiveData                      0x0800b887   Thumb Code     6  stm32lib_include.o(i.SPI_I2S_ReceiveData)
    SPI_I2S_SendData                         0x0800b88d   Thumb Code     4  stm32lib_include.o(i.SPI_I2S_SendData)
    SPI_Init                                 0x0800b891   Thumb Code    60  stm32lib_include.o(i.SPI_Init)
    SVC_Handler                              0x0800b8d1   Thumb Code     2  stm32lib_include.o(i.SVC_Handler)
    Save_AppConfig                           0x0800b8d5   Thumb Code    20  appconfig.o(i.Save_AppConfig)
    Save_VoidConfig                          0x0800b8f1   Thumb Code    44  appconfig.o(i.Save_VoidConfig)
    Sensor_Command                           0x0800b91d   Thumb Code  1288  main.o(i.Sensor_Command)
    Sensor_Init                              0x0800be39   Thumb Code    86  main.o(i.Sensor_Init)
    SerachChear                              0x0800be99   Thumb Code    30  main.o(i.SerachChear)
    Standby_Init                             0x0800bf9d   Thumb Code   100  board_driver.o(i.Standby_Init)
    StrToGBK                                 0x0800c005   Thumb Code   204  main.o(i.StrToGBK)
    StringCoppy                              0x0800c0d1   Thumb Code    36  text.o(i.StringCoppy)
    StringEndingAppend                       0x0800c0f5   Thumb Code    66  text.o(i.StringEndingAppend)
    Strstr                                   0x0800c137   Thumb Code    48  text.o(i.Strstr)
    SysTick_Handler                          0x0800c167   Thumb Code     8  stm32lib_include.o(i.SysTick_Handler)
    Sys_Enter_Standby                        0x0800c16f   Thumb Code    18  board_driver.o(i.Sys_Enter_Standby)
    Sys_Standby                              0x0800c181   Thumb Code    32  board_driver.o(i.Sys_Standby)
    SystemInit                               0x0800c1a1   Thumb Code    78  stm32lib_include.o(i.SystemInit)
    System_Reset                             0x0800c201   Thumb Code    14  main.o(i.System_Reset)
    System_ResetDelay                        0x0800c215   Thumb Code    14  main.o(i.System_ResetDelay)
    System_SaveConfig                        0x0800c225   Thumb Code    20  main.o(i.System_SaveConfig)
    TCP_JGetConfig                           0x0800c23d   Thumb Code   480  main.o(i.TCP_JGetConfig)
    TCP_JGetString                           0x0800c49d   Thumb Code    96  main.o(i.TCP_JGetString)
    TCP_JGetStringDelete                     0x0800c551   Thumb Code    96  main.o(i.TCP_JGetStringDelete)
    TFT_RGB                                  0x0800c5f5   Thumb Code    48  text.o(i.TFT_RGB)
    Task0                                    0x0800c625   Thumb Code   270  main.o(i.Task0)
    Task0_Init                               0x0800c73d   Thumb Code    94  main.o(i.Task0_Init)
    TaskBigShow                              0x0800c7b1   Thumb Code   126  main.o(i.TaskBigShow)
    TaskFunc                                 0x0800c835   Thumb Code   542  main.o(i.TaskFunc)
    TaskPlan                                 0x0800ca6d   Thumb Code   252  main.o(i.TaskPlan)
    Task_Arrary                              0x0800cb79   Thumb Code   108  func_face.o(i.Task_Arrary)
    Task_AutoReg                             0x0800cbed   Thumb Code    84  main.o(i.Task_AutoReg)
    Task_CleanHistory                        0x0800cc99   Thumb Code    36  main.o(i.Task_CleanHistory)
    Task_Face                                0x0800ccdd   Thumb Code   188  main.o(i.Task_Face)
    Task_Gps                                 0x0800cda5   Thumb Code   332  main.o(i.Task_Gps)
    Task_HistoryRecord                       0x0800cf31   Thumb Code   138  main.o(i.Task_HistoryRecord)
    Task_Join                                0x0800cfe9   Thumb Code    32  func_face.o(i.Task_Join)
    Task_KeyBoard                            0x0800d00d   Thumb Code   156  main.o(i.Task_KeyBoard)
    Task_LoadConfigs                         0x0800d0b1   Thumb Code     8  main.o(i.Task_LoadConfigs)
    Task_M26                                 0x0800d0b9   Thumb Code   278  main.o(i.Task_M26)
    Task_Plan                                0x0800d25d   Thumb Code   436  main.o(i.Task_Plan)
    Task_PrintfHistory                       0x0800d445   Thumb Code   150  main.o(i.Task_PrintfHistory)
    Task_PrintfLog                           0x0800d52d   Thumb Code   262  main.o(i.Task_PrintfLog)
    Task_Record                              0x0800d769   Thumb Code   180  main.o(i.Task_Record)
    Task_SaveConfigs                         0x0800d839   Thumb Code    30  main.o(i.Task_SaveConfigs)
    Task_SendMsg                             0x0800d85d   Thumb Code   476  main.o(i.Task_SendMsg)
    ToHex64                                  0x0800daed   Thumb Code    42  text.o(i.ToHex64)
    Tools_GetCRC16                           0x0800db19   Thumb Code    56  cheakout.o(i.Tools_GetCRC16)
    Tools_GetCRC8                            0x0800db59   Thumb Code    56  cheakout.o(i.Tools_GetCRC8)
    Tools_GetXOR8                            0x0800db91   Thumb Code    26  cheakout.o(i.Tools_GetXOR8)
    Tos_ComputeCPURate                       0x0800dbad   Thumb Code    68  tos.o(i.Tos_ComputeCPURate)
    Tos_Init                                 0x0800dc09   Thumb Code   132  tos.o(i.Tos_Init)
    Tos_ListCreate                           0x0800dca1   Thumb Code    32  tos.o(i.Tos_ListCreate)
    Tos_RootTask                             0x0800dcc1   Thumb Code    18  tos.o(i.Tos_RootTask)
    Tos_ScanTimer                            0x0800dcd5   Thumb Code    52  tos_timer.o(i.Tos_ScanTimer)
    Tos_Start                                0x0800dd0d   Thumb Code    98  tos.o(i.Tos_Start)
    Tos_SysTick                              0x0800dd8d   Thumb Code    42  tos.o(i.Tos_SysTick)
    Tos_TaskCreate                           0x0800dddd   Thumb Code   204  tos.o(i.Tos_TaskCreate)
    Tos_TaskCreateFindID                     0x0800dead   Thumb Code    94  tos.o(i.Tos_TaskCreateFindID)
    Tos_TaskCreateQmsg                       0x0800df11   Thumb Code    86  tos.o(i.Tos_TaskCreateQmsg)
    Tos_TaskDelay                            0x0800df71   Thumb Code    84  tos.o(i.Tos_TaskDelay)
    Tos_TaskDropDev                          0x0800dfd1   Thumb Code    56  tos_device.o(i.Tos_TaskDropDev)
    Tos_TaskGetDev                           0x0800e011   Thumb Code   132  tos_device.o(i.Tos_TaskGetDev)
    Tos_TaskGetHandKey                       0x0800e09d   Thumb Code    10  main.o(i.Tos_TaskGetHandKey)
    Tos_TaskGetQMsg                          0x0800e0b1   Thumb Code    98  tos.o(i.Tos_TaskGetQMsg)
    Tos_TaskGetQMsgDelay                     0x0800e11d   Thumb Code    98  tos.o(i.Tos_TaskGetQMsgDelay)
    Tos_TaskPutQmsg                          0x0800e189   Thumb Code   126  tos.o(i.Tos_TaskPutQmsg)
    Tos_TaskReady                            0x0800e20d   Thumb Code   184  tos.o(i.Tos_TaskReady)
    Tos_TaskRecover                          0x0800e2cd   Thumb Code    46  tos.o(i.Tos_TaskRecover)
    Tos_TaskRun                              0x0800e301   Thumb Code    66  tos.o(i.Tos_TaskRun)
    Tos_TaskStackInit                        0x0800e355   Thumb Code   110  tos.o(i.Tos_TaskStackInit)
    Tos_TaskStart                            0x0800e3c5   Thumb Code    28  tos.o(i.Tos_TaskStart)
    Tos_TaskStop                             0x0800e3e9   Thumb Code    70  tos.o(i.Tos_TaskStop)
    Tos_TaskSuspend                          0x0800e435   Thumb Code   118  tos.o(i.Tos_TaskSuspend)
    Tos_TaskSwitch                           0x0800e4b1   Thumb Code   148  tos.o(i.Tos_TaskSwitch)
    Tos_TaskTcbInit                          0x0800e551   Thumb Code    18  tos.o(i.Tos_TaskTcbInit)
    Tos_TaskTimeout                          0x0800e565   Thumb Code    78  tos.o(i.Tos_TaskTimeout)
    Tos_TimerReady                           0x0800e5b9   Thumb Code    78  tos_timer.o(i.Tos_TimerReady)
    Tos_WaitDev                              0x0800e60d   Thumb Code    50  tos.o(i.Tos_WaitDev)
    UART4_IRQHandler                         0x0800e649   Thumb Code    64  usart_driver.o(i.UART4_IRQHandler)
    UART5_IRQHandler                         0x0800e69d   Thumb Code    62  usart_driver.o(i.UART5_IRQHandler)
    USART1_IRQHandler                        0x0800e6f1   Thumb Code    64  usart_driver.o(i.USART1_IRQHandler)
    USART2_IRQHandler                        0x0800e745   Thumb Code    76  usart_driver.o(i.USART2_IRQHandler)
    USART3_IRQHandler                        0x0800e7a5   Thumb Code    76  usart_driver.o(i.USART3_IRQHandler)
    USART_ClearFlag                          0x0800e805   Thumb Code    18  stm32lib_include.o(i.USART_ClearFlag)
    USART_ClearITPendingBit                  0x0800e817   Thumb Code    30  stm32lib_include.o(i.USART_ClearITPendingBit)
    USART_Cmd                                0x0800e835   Thumb Code    24  stm32lib_include.o(i.USART_Cmd)
    USART_Configuration                      0x0800e84d   Thumb Code   118  usart_driver.o(i.USART_Configuration)
    USART_ConfigurationAll                   0x0800e8d9   Thumb Code   110  usart_driver.o(i.USART_ConfigurationAll)
    USART_GPIO_Init                          0x0800e949   Thumb Code   164  usart_driver.o(i.USART_GPIO_Init)
    USART_GPIO_InitAll                       0x0800ea11   Thumb Code    86  usart_driver.o(i.USART_GPIO_InitAll)
    USART_GetITStatus                        0x0800ea67   Thumb Code    84  stm32lib_include.o(i.USART_GetITStatus)
    USART_GetIndex                           0x0800eabd   Thumb Code    62  usart_driver.o(i.USART_GetIndex)
    USART_GetTypeDef                         0x0800eb05   Thumb Code    40  usart_driver.o(i.USART_GetTypeDef)
    USART_ITConfig                           0x0800eb41   Thumb Code    74  stm32lib_include.o(i.USART_ITConfig)
    USART_Init                               0x0800eb8d   Thumb Code   208  stm32lib_include.o(i.USART_Init)
    USART_Read                               0x0800ec65   Thumb Code    46  usart_driver.o(i.USART_Read)
    USART_ReadDatas                          0x0800ec95   Thumb Code   150  usart_driver.o(i.USART_ReadDatas)
    USART_Write                              0x0800ed45   Thumb Code    32  usart_driver.o(i.USART_Write)
    USART_WriteData                          0x0800ed65   Thumb Code    18  usart_driver.o(i.USART_WriteData)
    USART_WriteDatas                         0x0800ed77   Thumb Code    32  usart_driver.o(i.USART_WriteDatas)
    USART_WriteLine                          0x0800ed97   Thumb Code    54  usart_driver.o(i.USART_WriteLine)
    USBWakeUp_IRQHandler                     0x0800edcd   Thumb Code    12  stm32lib_include.o(i.USBWakeUp_IRQHandler)
    UsageFault_Handler                       0x0800edd9   Thumb Code     4  stm32lib_include.o(i.UsageFault_Handler)
    W25Q16_Erase                             0x0800eddd   Thumb Code    44  main.o(i.W25Q16_Erase)
    W25Q16_EraseThis                         0x0800ee09   Thumb Code    84  main.o(i.W25Q16_EraseThis)
    W25Q16_Read                              0x0800ee69   Thumb Code    20  main.o(i.W25Q16_Read)
    W25Q16_StdRead                           0x0800ee7d   Thumb Code    20  main.o(i.W25Q16_StdRead)
    W25Q16_StdWrite                          0x0800ee91   Thumb Code    20  main.o(i.W25Q16_StdWrite)
    __0vsprintf                              0x0800eea5   Thumb Code    30  printfa.o(i.__0vsprintf)
    __1vsprintf                              0x0800eea5   Thumb Code     0  printfa.o(i.__0vsprintf)
    __2vsprintf                              0x0800eea5   Thumb Code     0  printfa.o(i.__0vsprintf)
    __c89vsprintf                            0x0800eea5   Thumb Code     0  printfa.o(i.__0vsprintf)
    vsprintf                                 0x0800eea5   Thumb Code     0  printfa.o(i.__0vsprintf)
    __scatterload_copy                       0x0800eec9   Thumb Code    14  handlers.o(i.__scatterload_copy)
    __scatterload_null                       0x0800eed7   Thumb Code     2  handlers.o(i.__scatterload_null)
    __scatterload_zeroinit                   0x0800eed9   Thumb Code    14  handlers.o(i.__scatterload_zeroinit)
    delay_us                                 0x0800f795   Thumb Code    16  i2c_driver.o(i.delay_us)
    main                                     0x0800f7a5   Thumb Code    70  main.o(i.main)
    Crc16_TableH                             0x0800f808   Data         256  cheakout.o(.constdata)
    Crc16_TableL                             0x0800f908   Data         256  cheakout.o(.constdata)
    IO_LCD_List                              0x0800fa08   Data          24  main.o(.constdata)
    Ht1621CodeUpList                         0x0800fa20   Data          21  main.o(.constdata)
    Ht1621CodeDownList                       0x0800fa35   Data          21  main.o(.constdata)
    Ht1621CodeTime                           0x0800fa4a   Data          10  main.o(.constdata)
    BoolString                               0x0800fa54   Data          12  main.o(.constdata)
    MenuList                                 0x0800fa60   Data         348  main.o(.constdata)
    W25Q16_GPIO_List                         0x0800fbbc   Data          36  main.o(.constdata)
    uni_table                                0x0800fbe0   Data       27072  main.o(.constdata)
    TaskList                                 0x080165a0   Data         176  main.o(.constdata)
    IO_ISL1208_List                          0x08016650   Data          36  main.o(.constdata)
    IO_Control_List                          0x08016674   Data          96  main.o(.constdata)
    Region$$Table$$Base                      0x0801698c   Number         0  anon$$obj.o(Region$$Table)
    Region$$Table$$Limit                     0x080169ac   Number         0  anon$$obj.o(Region$$Table)
    SystemCoreClock                          0x20000014   Data           4  stm32lib_include.o(.data)
    AHBPrescTable                            0x20000018   Data          16  stm32lib_include.o(.data)
    DeviceId_USART_TX                        0x20000028   Data           5  usart_driver.o(.data)
    DeviceId_USART_RX                        0x2000002d   Data           5  usart_driver.o(.data)
    USART_TX_TaskID                          0x20000032   Data           5  usart_driver.o(.data)
    USART_RX_TaskID                          0x20000037   Data           5  usart_driver.o(.data)
    guiNextTaskSp                            0x20000048   Data           4  tos.o(.data)
    gpuiCurTaskSpAddr                        0x2000004c   Data           4  tos.o(.data)
    Tos_CPUInfor                             0x20000050   Data           8  tos.o(.data)
    Tos_TaskCurrent                          0x20000058   Data           1  tos.o(.data)
    Tos_TaskMail                             0x2000005c   Data           4  tos.o(.data)
    Tos_TaskTcb                              0x20000060   Data           4  tos.o(.data)
    Tos_TaskStackIndex                       0x20000064   Data           4  tos.o(.data)
    Tos_Timer_P                              0x20000068   Data           4  tos_timer.o(.data)
    DeviceId_Index                           0x2000006c   Data           1  tos_device.o(.data)
    Tos_Device_Tab                           0x20000070   Data           4  tos_device.o(.data)
    RootMema                                 0x20000074   Data           4  tos_mema.o(.data)
    DeBug_EN                                 0x20000078   Data           1  debug.o(.data)
    DeBug_Out                                0x20000079   Data           1  debug.o(.data)
    DeBug_Type                               0x2000007a   Data           1  debug.o(.data)
    DeBug_CB                                 0x2000007c   Data           4  debug.o(.data)
    TaskArray_Tos_TaskID                     0x20000080   Data           1  func_face.o(.data)
    DeviceId_IO                              0x20000084   Data           1  main.o(.data)
    DeviceId_SIGNAL                          0x20000085   Data           1  main.o(.data)
    KeyCode_Tos_TaskID                       0x20000086   Data           1  main.o(.data)
    DeviceId_HT1621                          0x20000087   Data           1  main.o(.data)
    Ht1621CharList                           0x20000088   Data           4  main.o(.data)
    DHT11_PIN                                0x2000008c   Data           2  main.o(.data)
    DHT11_GROUP                              0x20000090   Data           4  main.o(.data)
    DS1_PIN                                  0x20000094   Data           2  main.o(.data)
    DS1_GROUP                                0x20000098   Data           4  main.o(.data)
    String_Ok                                0x2000009c   Data           4  main.o(.data)
    DeviceId_W25Q16                          0x200000a0   Data           1  main.o(.data)
    aaaa                                     0x200000a1   Data           1  main.o(.data)
    DeviceId_ISL1208                         0x200000a2   Data           1  main.o(.data)
    tem                                      0x200000bc   Data           1  main.o(.data)
    IO_ISL1208_P                             0x200000c0   Data           4  main.o(.data)
    UpGradeCmd                               0x200000c4   Data           1  main.o(.data)
    USART_RX_Buffer                          0x200000c8   Data          20  usart_driver.o(.bss)
    USART_TX_Buffer                          0x200000dc   Data          20  usart_driver.o(.bss)
    USART_RX_Count                           0x200000f0   Data          10  usart_driver.o(.bss)
    USART_RX_Index                           0x200000fa   Data          10  usart_driver.o(.bss)
    MemBuf                                   0x20000104   Data       40000  tos_mema.o(.bss)
    UIShowValue                              0x20009d44   Data         256  main.o(.bss)
    LCD_BUF                                  0x20009e44   Data          16  main.o(.bss)
    __initial_sp                             0x2000a258   Data           0  startup_stm32f10x_hd.o(STACK)



==============================================================================

Memory Map of the image

  Image Entry point : 0x08005131

  Load Region LR_IROM1 (Base: 0x08005000, Size: 0x00011a74, Max: 0x00040000, ABSOLUTE)

    Execution Region ER_IROM1 (Base: 0x08005000, Size: 0x000119ac, Max: 0x00040000, ABSOLUTE)

    Base Addr    Size         Type   Attr      Idx    E Section Name        Object

    0x08005000   0x00000130   Data   RO         3148    RESET               startup_stm32f10x_hd.o
    0x08005130   0x00000000   Code   RO         6099  * .ARM.Collect$$$$00000000  mc_w.l(entry.o)
    0x08005130   0x00000004   Code   RO         6186    .ARM.Collect$$$$00000001  mc_w.l(entry2.o)
    0x08005134   0x00000004   Code   RO         6189    .ARM.Collect$$$$00000004  mc_w.l(entry5.o)
    0x08005138   0x00000000   Code   RO         6191    .ARM.Collect$$$$00000008  mc_w.l(entry7b.o)
    0x08005138   0x00000000   Code   RO         6193    .ARM.Collect$$$$0000000A  mc_w.l(entry8b.o)
    0x08005138   0x00000008   Code   RO         6194    .ARM.Collect$$$$0000000B  mc_w.l(entry9a.o)
    0x08005140   0x00000000   Code   RO         6196    .ARM.Collect$$$$0000000D  mc_w.l(entry10a.o)
    0x08005140   0x00000000   Code   RO         6198    .ARM.Collect$$$$0000000F  mc_w.l(entry11a.o)
    0x08005140   0x00000004   Code   RO         6187    .ARM.Collect$$$$00002712  mc_w.l(entry2.o)
    0x08005144   0x00000024   Code   RO         3149    .text               startup_stm32f10x_hd.o
    0x08005168   0x00000024   Code   RO         6102    .text               mc_w.l(strstr.o)
    0x0800518c   0x000000b0   Code   RO         6132    .text               mf_w.l(fadd.o)
    0x0800523c   0x0000006c   Code   RO         6134    .text               mf_w.l(fmul.o)
    0x080052a8   0x00000080   Code   RO         6136    .text               mf_w.l(fdiv.o)
    0x08005328   0x0000014e   Code   RO         6138    .text               mf_w.l(dadd.o)
    0x08005476   0x000000e4   Code   RO         6140    .text               mf_w.l(dmul.o)
    0x0800555a   0x000000de   Code   RO         6142    .text               mf_w.l(ddiv.o)
    0x08005638   0x00000012   Code   RO         6144    .text               mf_w.l(fflti.o)
    0x0800564a   0x0000000a   Code   RO         6146    .text               mf_w.l(ffltui.o)
    0x08005654   0x0000001a   Code   RO         6150    .text               mf_w.l(dfltui.o)
    0x0800566e   0x00000032   Code   RO         6152    .text               mf_w.l(ffixi.o)
    0x080056a0   0x00000028   Code   RO         6154    .text               mf_w.l(ffixui.o)
    0x080056c8   0x0000003e   Code   RO         6156    .text               mf_w.l(dfixi.o)
    0x08005706   0x00000026   Code   RO         6160    .text               mf_w.l(f2d.o)
    0x0800572c   0x00000028   Code   RO         6162    .text               mf_w.l(cdcmple.o)
    0x08005754   0x00000028   Code   RO         6164    .text               mf_w.l(cdrcmple.o)
    0x0800577c   0x00000038   Code   RO         6166    .text               mf_w.l(d2f.o)
    0x080057b4   0x00000014   Code   RO         6168    .text               mf_w.l(cfcmple.o)
    0x080057c8   0x00000014   Code   RO         6170    .text               mf_w.l(cfrcmple.o)
    0x080057dc   0x0000002c   Code   RO         6203    .text               mc_w.l(uidiv.o)
    0x08005808   0x00000062   Code   RO         6205    .text               mc_w.l(uldiv.o)
    0x0800586a   0x0000001e   Code   RO         6207    .text               mc_w.l(llshl.o)
    0x08005888   0x00000020   Code   RO         6209    .text               mc_w.l(llushr.o)
    0x080058a8   0x00000024   Code   RO         6211    .text               mc_w.l(llsshr.o)
    0x080058cc   0x00000000   Code   RO         6220    .text               mc_w.l(iusefp.o)
    0x080058cc   0x0000006c   Code   RO         6221    .text               mf_w.l(fepilogue.o)
    0x08005938   0x000000be   Code   RO         6223    .text               mf_w.l(depilogue.o)
    0x080059f6   0x00000030   Code   RO         6227    .text               mf_w.l(dfixul.o)
    0x08005a26   0x00000002   PAD
    0x08005a28   0x00000024   Code   RO         6235    .text               mc_w.l(init.o)
    0x08005a4c   0x00000050   Code   RO         3833    TOS_CORE_A          tos_core_a.o
    0x08005a9c   0x00000030   Code   RO         4802    i.ADC1_GPIO_Config  main.o
    0x08005acc   0x00000010   Code   RO         4803    i.ADC1_Init         main.o
    0x08005adc   0x000000dc   Code   RO         4804    i.ADC1_Mode_Config  main.o
    0x08005bb8   0x00000016   Code   RO            7    i.ADC_Cmd           stm32lib_include.o
    0x08005bce   0x00000016   Code   RO            8    i.ADC_DMACmd        stm32lib_include.o
    0x08005be4   0x00000014   Code   RO           15    i.ADC_GetCalibrationStatus  stm32lib_include.o
    0x08005bf8   0x00000014   Code   RO           21    i.ADC_GetResetCalibrationStatus  stm32lib_include.o
    0x08005c0c   0x00000050   Code   RO           25    i.ADC_Init          stm32lib_include.o
    0x08005c5c   0x000000b8   Code   RO           29    i.ADC_RegularChannelConfig  stm32lib_include.o
    0x08005d14   0x0000000a   Code   RO           30    i.ADC_ResetCalibration  stm32lib_include.o
    0x08005d1e   0x00000016   Code   RO           32    i.ADC_SoftwareStartConvCmd  stm32lib_include.o
    0x08005d34   0x0000000a   Code   RO           34    i.ADC_StartCalibration  stm32lib_include.o
    0x08005d3e   0x0000001c   Code   RO         4003    i.Abs               text.o
    0x08005d5a   0x00000002   PAD
    0x08005d5c   0x0000003c   Code   RO         4805    i.BEEP_Double       main.o
    0x08005d98   0x0000003c   Code   RO         4806    i.BOOL_LoadConfigs  main.o
    0x08005dd4   0x0000001a   Code   RO         3153    i.BareDelay         board_driver.o
    0x08005dee   0x00000010   Code   RO         4005    i.Bcd_Decimal       text.o
    0x08005dfe   0x00000002   PAD
    0x08005e00   0x00000048   Code   RO         4807    i.BinarySearch      main.o
    0x08005e48   0x00000022   Code   RO         4006    i.BufferCoppy       text.o
    0x08005e6a   0x00000016   Code   RO         4007    i.BufferFill        text.o
    0x08005e80   0x00000004   Code   RO           49    i.BusFault_Handler  stm32lib_include.o
    0x08005e84   0x00000120   Code   RO         4808    i.COM_Menu_Enter    main.o
    0x08005fa4   0x00000034   Code   RO         4809    i.COM_Menu_Load     main.o
    0x08005fd8   0x00000030   Code   RO         4810    i.CheckCallNumber   main.o
    0x08006008   0x00000014   Code   RO         4010    i.ClearWithBuffer   text.o
    0x0800601c   0x00000064   Code   RO         4811    i.DHT11_Check       main.o
    0x08006080   0x00000020   Code   RO         4812    i.DHT11_DelayMs     main.o
    0x080060a0   0x0000001e   Code   RO         4813    i.DHT11_DelayUs     main.o
    0x080060be   0x00000002   PAD
    0x080060c0   0x00000084   Code   RO         4814    i.DHT11_GetFloat    main.o
    0x08006144   0x0000002c   Code   RO         4815    i.DHT11_PortIN      main.o
    0x08006170   0x0000002c   Code   RO         4816    i.DHT11_PortOUT     main.o
    0x0800619c   0x0000006a   Code   RO         4817    i.DHT11_Read        main.o
    0x08006206   0x00000002   PAD
    0x08006208   0x00000068   Code   RO         4818    i.DHT11_Read_Bit    main.o
    0x08006270   0x0000001e   Code   RO         4819    i.DHT11_Read_Byte   main.o
    0x0800628e   0x00000002   PAD
    0x08006290   0x00000034   Code   RO         4820    i.DHT11_Rst         main.o
    0x080062c4   0x00000018   Code   RO          112    i.DMA_Cmd           stm32lib_include.o
    0x080062dc   0x0000014c   Code   RO          113    i.DMA_DeInit        stm32lib_include.o
    0x08006428   0x0000003c   Code   RO          118    i.DMA_Init          stm32lib_include.o
    0x08006464   0x00000048   Code   RO         4821    i.DS18B20_Init      main.o
    0x080064ac   0x00000064   Code   RO         4822    i.DS_Check          main.o
    0x08006510   0x0000001e   Code   RO         4824    i.DS_DelayUs        main.o
    0x0800652e   0x00000002   PAD
    0x08006530   0x00000100   Code   RO         4825    i.DS_Get_Temp       main.o
    0x08006630   0x0000002c   Code   RO         4826    i.DS_PortIN         main.o
    0x0800665c   0x0000002c   Code   RO         4827    i.DS_PortOUT        main.o
    0x08006688   0x00000054   Code   RO         4828    i.DS_Read_Bit       main.o
    0x080066dc   0x00000022   Code   RO         4829    i.DS_Read_Byte      main.o
    0x080066fe   0x00000002   PAD
    0x08006700   0x00000100   Code   RO         4830    i.DS_Read_Value     main.o
    0x08006800   0x00000038   Code   RO         4831    i.DS_Rst            main.o
    0x08006838   0x00000014   Code   RO         4832    i.DS_SetPort        main.o
    0x0800684c   0x00000018   Code   RO         4833    i.DS_Start          main.o
    0x08006864   0x00000070   Code   RO         4834    i.DS_Write_Byte     main.o
    0x080068d4   0x00000014   Code   RO         4835    i.DTH11_SetPort     main.o
    0x080068e8   0x0000018c   Code   RO         3903    i.DeBug             debug.o
    0x08006a74   0x0000000c   Code   RO         3904    i.DeBug_Drop        debug.o
    0x08006a80   0x00000014   Code   RO         3905    i.DeBug_Get         debug.o
    0x08006a94   0x0000000c   Code   RO         3906    i.DeBug_OutSet      debug.o
    0x08006aa0   0x0000000c   Code   RO         3908    i.DeBug_SetType     debug.o
    0x08006aac   0x00000002   Code   RO          121    i.DebugMon_Handler  stm32lib_include.o
    0x08006aae   0x00000014   Code   RO         4019    i.Decimal_Bcd       text.o
    0x08006ac2   0x00000002   PAD
    0x08006ac4   0x00000080   Code   RO         3755    i.DeviceList_Init   tos_device.o
    0x08006b44   0x000000e8   Code   RO         3756    i.DeviceList_Printf  tos_device.o
    0x08006c2c   0x000000cc   Code   RO         4836    i.DeviceMount_HT1621  main.o
    0x08006cf8   0x000000c8   Code   RO         4837    i.DeviceMount_IO    main.o
    0x08006dc0   0x000000cc   Code   RO         4838    i.DeviceMount_ISL1208  main.o
    0x08006e8c   0x000001c4   Code   RO         3299    i.DeviceMount_Usart  usart_driver.o
    0x08007050   0x000000c4   Code   RO         4839    i.DeviceMount_W25Q16  main.o
    0x08007114   0x000000b8   Code   RO         3759    i.Device_Init       tos_device.o
    0x080071cc   0x00000024   Code   RO         3760    i.Device_Ok         tos_device.o
    0x080071f0   0x0000000a   Code   RO         3154    i.EXTI0_IRQHandler  board_driver.o
    0x080071fa   0x00000002   PAD
    0x080071fc   0x0000000c   Code   RO          123    i.EXTI_ClearITPendingBit  stm32lib_include.o
    0x08007208   0x00000094   Code   RO          128    i.EXTI_Init         stm32lib_include.o
    0x0800729c   0x0000004c   Code   RO          135    i.FLASH_ErasePage   stm32lib_include.o
    0x080072e8   0x00000034   Code   RO          136    i.FLASH_GetBank1Status  stm32lib_include.o
    0x0800731c   0x00000014   Code   RO          145    i.FLASH_Lock        stm32lib_include.o
    0x08007330   0x00000040   Code   RO          148    i.FLASH_ProgramHalfWord  stm32lib_include.o
    0x08007370   0x00000018   Code   RO          153    i.FLASH_Unlock      stm32lib_include.o
    0x08007388   0x00000026   Code   RO          157    i.FLASH_WaitForLastOperation  stm32lib_include.o
    0x080073ae   0x00000096   Code   RO         4022    i.FindFloatFromString  text.o
    0x08007444   0x000000a2   Code   RO         4023    i.FindHexFromString  text.o
    0x080074e6   0x0000008a   Code   RO         4024    i.FindNumFromString  text.o
    0x08007570   0x00000072   Code   RO         4840    i.FindStringFromString  main.o
    0x080075e2   0x0000001c   Code   RO         4681    i.Flash_ReadData    appconfig.o
    0x080075fe   0x00000070   Code   RO         4682    i.Flash_WriteData   appconfig.o
    0x0800766e   0x00000008   Code   RO         4025    i.Float32FromByte   text.o
    0x08007676   0x00000020   Code   RO         4026    i.Float32ToByte     text.o
    0x08007696   0x0000003a   Code   RO         4027    i.FlowPoolFilter    text.o
    0x080076d0   0x0000001e   Code   RO         4028    i.FmtToBuf          text.o
    0x080076ee   0x0000003e   Code   RO         4841    i.GBKToString       main.o
    0x0800772c   0x00000020   Code   RO         4842    i.GBKToUniCode      main.o
    0x0800774c   0x0000002c   Code   RO         4843    i.GBKToUnicode      main.o
    0x08007778   0x000000c8   Code   RO          178    i.GPIO_DeInit       stm32lib_include.o
    0x08007840   0x00000040   Code   RO          180    i.GPIO_EXTILineConfig  stm32lib_include.o
    0x08007880   0x00000112   Code   RO          183    i.GPIO_Init         stm32lib_include.o
    0x08007992   0x00000002   PAD
    0x08007994   0x00000084   Code   RO         3155    i.GPIO_InitList     board_driver.o
    0x08007a18   0x00000012   Code   RO          187    i.GPIO_ReadInputDataBit  stm32lib_include.o
    0x08007a2a   0x00000004   Code   RO          190    i.GPIO_ResetBits    stm32lib_include.o
    0x08007a2e   0x00000004   Code   RO          191    i.GPIO_SetBits      stm32lib_include.o
    0x08007a32   0x00000002   PAD
    0x08007a34   0x0000006c   Code   RO         4844    i.GPRS_Ack          main.o
    0x08007aa0   0x0000007c   Code   RO         4845    i.GPRS_AckDelay     main.o
    0x08007b1c   0x00000084   Code   RO         4846    i.GPRS_AckTwo       main.o
    0x08007ba0   0x00000058   Code   RO         4030    i.GPRS_CheckIpTrue  text.o
    0x08007bf8   0x00000016   Code   RO         4848    i.GPRS_CommandAck   main.o
    0x08007c0e   0x00000002   PAD
    0x08007c10   0x000000a0   Code   RO         4849    i.GPRS_CommandAckCount  main.o
    0x08007cb0   0x000000f4   Code   RO         4850    i.GPRS_Connect      main.o
    0x08007da4   0x00000080   Code   RO         4852    i.GPRS_Printf       main.o
    0x08007e24   0x00000048   Code   RO         4853    i.GPRS_PrintfString  main.o
    0x08007e6c   0x0000002e   Code   RO         4854    i.GPRS_WhileAck     main.o
    0x08007e9a   0x00000080   Code   RO         3909    i.GetChar_List      debug.o
    0x08007f1a   0x00000002   PAD
    0x08007f1c   0x00000080   Code   RO         4855    i.GetCodeStr16      main.o
    0x08007f9c   0x00000070   Code   RO         4422    i.GetCodeStr64      tools.o
    0x0800800c   0x000000e4   Code   RO         4034    i.GetHexFromString  text.o
    0x080080f0   0x00000026   Code   RO         4035    i.GetStringByFmt    text.o
    0x08008116   0x00000002   PAD
    0x08008118   0x000000c4   Code   RO         4038    i.GetStringToNumber  text.o
    0x080081dc   0x00000018   Code   RO         4039    i.GetTextLength     text.o
    0x080081f4   0x0000002c   Code   RO         4425    i.GetTosTask_Count  tools.o
    0x08008220   0x0000002c   Code   RO         4856    i.GetUnicodeString  main.o
    0x0800824c   0x00000026   Code   RO         4040    i.GetWordFromBytes  text.o
    0x08008272   0x00000002   PAD
    0x08008274   0x0000000c   Code   RO         4427    i.Get_FlashSize     tools.o
    0x08008280   0x000000e0   Code   RO         4857    i.Get_Mon           main.o
    0x08008360   0x00000054   Code   RO         4858    i.Get_PragmDateTime  main.o
    0x080083b4   0x00000058   Code   RO         4859    i.Get_PrintfRecordCount  main.o
    0x0800840c   0x00000048   Code   RO         4860    i.HT1621_Init       main.o
    0x08008454   0x00000038   Code   RO         4861    i.HandKey_GetValue  main.o
    0x0800848c   0x00000008   Code   RO          195    i.HardFault_Handler  stm32lib_include.o
    0x08008494   0x0000003c   Code   RO         4862    i.Ht1621Wr_Cmd      main.o
    0x080084d0   0x00000060   Code   RO         4863    i.Ht1621Wr_Data     main.o
    0x08008530   0x00000014   Code   RO         4864    i.Ht1621_Delay      main.o
    0x08008544   0x00000038   Code   RO         4865    i.Ht1621_DrawBase   main.o
    0x0800857c   0x00000418   Code   RO         4866    i.Ht1621_DrawHome   main.o
    0x08008994   0x00000098   Code   RO         4867    i.Ht1621_DrawMenu   main.o
    0x08008a2c   0x000000c8   Code   RO         4868    i.Ht1621_DrawTime   main.o
    0x08008af4   0x000001dc   Code   RO         4869    i.Ht1621_DrawUpDown  main.o
    0x08008cd0   0x0000025c   Code   RO         4870    i.Ht1621_DrawUpgrade  main.o
    0x08008f2c   0x0000001c   Code   RO         4871    i.Ht1621_GetCode    main.o
    0x08008f48   0x000000b0   Code   RO         4872    i.Ht1621_SHowDownString  main.o
    0x08008ff8   0x000000b4   Code   RO         4873    i.Ht1621_SHowUpString  main.o
    0x080090ac   0x0000002c   Code   RO         4874    i.Ht1621_ShowASCII  main.o
    0x080090d8   0x00000044   Code   RO         4875    i.Ht1621_WriteReg   main.o
    0x0800911c   0x0000000e   Code   RO         3233    i.I2C_Drop          i2c_driver.o
    0x0800912a   0x0000007c   Code   RO         3234    i.I2C_ReadDatas     i2c_driver.o
    0x080091a6   0x00000070   Code   RO         3235    i.I2C_RecvBytes     i2c_driver.o
    0x08009216   0x0000002c   Code   RO         3236    i.I2C_SendAck       i2c_driver.o
    0x08009242   0x0000008a   Code   RO         3237    i.I2C_SendBytes     i2c_driver.o
    0x080092cc   0x0000002e   Code   RO         3238    i.I2C_Start         i2c_driver.o
    0x080092fa   0x00000024   Code   RO         3239    i.I2C_Stop          i2c_driver.o
    0x0800931e   0x0000005c   Code   RO         3240    i.I2C_WriteDatas    i2c_driver.o
    0x0800937a   0x00000002   PAD
    0x0800937c   0x00000030   Code   RO         4878    i.ISL1208_GetATR    main.o
    0x080093ac   0x00000074   Code   RO         4879    i.ISL1208_GetDateTime  main.o
    0x08009420   0x0000007c   Code   RO         4880    i.ISL1208_IOCONTROL  main.o
    0x0800949c   0x000000c0   Code   RO         4881    i.ISL1208_Init      main.o
    0x0800955c   0x00000020   Code   RO         4882    i.ISL1208_ReadReg   main.o
    0x0800957c   0x0000009e   Code   RO         4883    i.ISL1208_SetAlarm  main.o
    0x0800961a   0x00000060   Code   RO         4884    i.ISL1208_SetDateTime  main.o
    0x0800967a   0x00000002   PAD
    0x0800967c   0x00000020   Code   RO         4885    i.ISL1208_WriteReg  main.o
    0x0800969c   0x0000001c   Code   RO         4683    i.Load_AppConfig    appconfig.o
    0x080096b8   0x00000066   Code   RO         4684    i.Load_VoidConfig   appconfig.o
    0x0800971e   0x00000002   PAD
    0x08009720   0x00000028   Code   RO         3158    i.MCU_Reset         board_driver.o
    0x08009748   0x00000044   Code   RO         4886    i.MSG_Delete        main.o
    0x0800978c   0x00000022   Code   RO         4887    i.MUI_GetKey        main.o
    0x080097ae   0x00000002   PAD
    0x080097b0   0x000001a4   Code   RO         4888    i.MUI_GetOptionString  main.o
    0x08009954   0x00000004   Code   RO          238    i.MemManage_Handler  stm32lib_include.o
    0x08009958   0x0000001c   Code   RO         3860    i.Mema_Count        tos_mema.o
    0x08009974   0x00000030   Code   RO         3862    i.Mema_Free         tos_mema.o
    0x080099a4   0x0000001c   Code   RO         3863    i.Mema_Init         tos_mema.o
    0x080099c0   0x0000004c   Code   RO         3864    i.Mema_Malloc       tos_mema.o
    0x08009a0c   0x00000016   Code   RO         4889    i.Menu_OptionLength  main.o
    0x08009a22   0x00000016   Code   RO         3955    i.ModBus_Create     modbus.o
    0x08009a38   0x00000118   Code   RO         3956    i.ModBus_CreateMsg  modbus.o
    0x08009b50   0x0000016c   Code   RO         3957    i.ModBus_Expend     modbus.o
    0x08009cbc   0x00000002   Code   RO          239    i.NMI_Handler       stm32lib_include.o
    0x08009cbe   0x00000002   PAD
    0x08009cc0   0x00000074   Code   RO          240    i.NVIC_Init         stm32lib_include.o
    0x08009d34   0x00000014   Code   RO          241    i.NVIC_PriorityGroupConfig  stm32lib_include.o
    0x08009d48   0x00000014   Code   RO          242    i.NVIC_SetVectorTable  stm32lib_include.o
    0x08009d5c   0x0000005c   Code   RO         4891    i.PDU_GetCenterNumber  main.o
    0x08009db8   0x0000000c   Code   RO          244    i.PWR_BackupAccessCmd  stm32lib_include.o
    0x08009dc4   0x00000040   Code   RO          248    i.PWR_EnterSTOPMode  stm32lib_include.o
    0x08009e04   0x0000000c   Code   RO          252    i.PWR_WakeUpPinCmd  stm32lib_include.o
    0x08009e10   0x00000002   Code   RO          253    i.PendSV_Handler    stm32lib_include.o
    0x08009e12   0x00000002   PAD
    0x08009e14   0x00000090   Code   RO         4428    i.Printf_BoardInfor  tools.o
    0x08009ea4   0x00000002   Code   RO         4431    i.Printf_LcdType    tools.o
    0x08009ea6   0x00000002   PAD
    0x08009ea8   0x00000024   Code   RO         4432    i.Printf_LockCode   tools.o
    0x08009ecc   0x00000002   Code   RO         4433    i.Printf_NandInfor  tools.o
    0x08009ece   0x00000002   PAD
    0x08009ed0   0x00000044   Code   RO         4434    i.Printf_SysInfor   tools.o
    0x08009f14   0x00000040   Code   RO         4435    i.Printf_TaskInfor  tools.o
    0x08009f54   0x00000094   Code   RO         4436    i.Printf_TosInfor   tools.o
    0x08009fe8   0x00000044   Code   RO         4893    i.QuectelM26Printf_Bytes  main.o
    0x0800a02c   0x0000004c   Code   RO         4894    i.QuectelM26_Config  main.o
    0x0800a078   0x00000058   Code   RO         4895    i.QuectelM26_Connect  main.o
    0x0800a0d0   0x00000144   Code   RO         4896    i.QuectelM26_ConnectNet  main.o
    0x0800a214   0x00000034   Code   RO         4898    i.QuectelM26_GetCSQ  main.o
    0x0800a248   0x000000b4   Code   RO         4899    i.QuectelM26_GetNumString  main.o
    0x0800a2fc   0x000000a4   Code   RO         4900    i.QuectelM26_GetValue  main.o
    0x0800a3a0   0x000001ac   Code   RO         4901    i.QuectelM26_Init   main.o
    0x0800a54c   0x00000114   Code   RO         4902    i.QuectelM26_InitSMS  main.o
    0x0800a660   0x00000054   Code   RO         4903    i.QuectelM26_ReadShow  main.o
    0x0800a6b4   0x00000150   Code   RO         4904    i.QuectelM26_SendCFG  main.o
    0x0800a804   0x0000029c   Code   RO         4905    i.QuectelM26_SendData  main.o
    0x0800aaa0   0x00000178   Code   RO         4906    i.QuectelM26_SendHeartbeat  main.o
    0x0800ac18   0x000000d0   Code   RO         4909    i.QuectelM26_SendTextMsg  main.o
    0x0800ace8   0x00000250   Code   RO         4910    i.QuectelM26_ShowSMS  main.o
    0x0800af38   0x00000018   Code   RO          254    i.RCC_ADCCLKConfig  stm32lib_include.o
    0x0800af50   0x00000020   Code   RO          255    i.RCC_AHBPeriphClockCmd  stm32lib_include.o
    0x0800af70   0x00000020   Code   RO          256    i.RCC_APB1PeriphClockCmd  stm32lib_include.o
    0x0800af90   0x00000020   Code   RO          258    i.RCC_APB2PeriphClockCmd  stm32lib_include.o
    0x0800afb0   0x00000020   Code   RO          259    i.RCC_APB2PeriphResetCmd  stm32lib_include.o
    0x0800afd0   0x000000d4   Code   RO          266    i.RCC_GetClocksFreq  stm32lib_include.o
    0x0800b0a4   0x00000060   Code   RO         4911    i.RegServer_Connect  main.o
    0x0800b104   0x000000a0   Code   RO         4912    i.Reg_SendHead      main.o
    0x0800b1a4   0x00000360   Code   RO         4913    i.Reg_SendInfor     main.o
    0x0800b504   0x00000018   Code   RO          332    i.SPI_Cmd           stm32lib_include.o
    0x0800b51c   0x00000050   Code   RO         4914    i.SPI_FLASH_BufferRead  main.o
    0x0800b56c   0x00000122   Code   RO         4915    i.SPI_FLASH_BufferWrite  main.o
    0x0800b68e   0x00000002   PAD
    0x0800b690   0x000000b8   Code   RO         4917    i.SPI_FLASH_Init    main.o
    0x0800b748   0x00000060   Code   RO         4918    i.SPI_FLASH_PageWrite  main.o
    0x0800b7a8   0x00000044   Code   RO         4922    i.SPI_FLASH_SectorErase  main.o
    0x0800b7ec   0x00000038   Code   RO         4923    i.SPI_FLASH_SendByte  main.o
    0x0800b824   0x00000030   Code   RO         4926    i.SPI_FLASH_WaitForWriteEnd  main.o
    0x0800b854   0x00000020   Code   RO         4927    i.SPI_FLASH_WriteEnable  main.o
    0x0800b874   0x00000012   Code   RO          340    i.SPI_I2S_GetFlagStatus  stm32lib_include.o
    0x0800b886   0x00000006   Code   RO          343    i.SPI_I2S_ReceiveData  stm32lib_include.o
    0x0800b88c   0x00000004   Code   RO          344    i.SPI_I2S_SendData  stm32lib_include.o
    0x0800b890   0x00000040   Code   RO          345    i.SPI_Init          stm32lib_include.o
    0x0800b8d0   0x00000002   Code   RO          350    i.SVC_Handler       stm32lib_include.o
    0x0800b8d2   0x00000002   PAD
    0x0800b8d4   0x0000001c   Code   RO         4685    i.Save_AppConfig    appconfig.o
    0x0800b8f0   0x0000002c   Code   RO         4686    i.Save_VoidConfig   appconfig.o
    0x0800b91c   0x0000051c   Code   RO         4930    i.Sensor_Command    main.o
    0x0800be38   0x00000060   Code   RO         4931    i.Sensor_Init       main.o
    0x0800be98   0x0000001e   Code   RO         4932    i.SerachChear       main.o
    0x0800beb6   0x00000008   Code   RO          351    i.SetSysClock       stm32lib_include.o
    0x0800bebe   0x00000002   PAD
    0x0800bec0   0x000000dc   Code   RO          352    i.SetSysClockTo72   stm32lib_include.o
    0x0800bf9c   0x00000068   Code   RO         3160    i.Standby_Init      board_driver.o
    0x0800c004   0x000000cc   Code   RO         4933    i.StrToGBK          main.o
    0x0800c0d0   0x00000024   Code   RO         4052    i.StringCoppy       text.o
    0x0800c0f4   0x00000042   Code   RO         4053    i.StringEndingAppend  text.o
    0x0800c136   0x00000030   Code   RO         4060    i.Strstr            text.o
    0x0800c166   0x00000008   Code   RO          354    i.SysTick_Handler   stm32lib_include.o
    0x0800c16e   0x00000012   Code   RO         3161    i.Sys_Enter_Standby  board_driver.o
    0x0800c180   0x00000020   Code   RO         3162    i.Sys_Standby       board_driver.o
    0x0800c1a0   0x00000060   Code   RO          356    i.SystemInit        stm32lib_include.o
    0x0800c200   0x00000014   Code   RO         4934    i.System_Reset      main.o
    0x0800c214   0x0000000e   Code   RO         4935    i.System_ResetDelay  main.o
    0x0800c222   0x00000002   PAD
    0x0800c224   0x00000018   Code   RO         4936    i.System_SaveConfig  main.o
    0x0800c23c   0x00000260   Code   RO         4937    i.TCP_JGetConfig    main.o
    0x0800c49c   0x000000b4   Code   RO         4938    i.TCP_JGetString    main.o
    0x0800c550   0x000000a4   Code   RO         4939    i.TCP_JGetStringDelete  main.o
    0x0800c5f4   0x00000030   Code   RO         4061    i.TFT_RGB           text.o
    0x0800c624   0x00000118   Code   RO         4940    i.Task0             main.o
    0x0800c73c   0x00000074   Code   RO         4941    i.Task0_Init        main.o
    0x0800c7b0   0x00000084   Code   RO         4942    i.TaskBigShow       main.o
    0x0800c834   0x00000238   Code   RO         4943    i.TaskFunc          main.o
    0x0800ca6c   0x0000010c   Code   RO         4944    i.TaskPlan          main.o
    0x0800cb78   0x00000074   Code   RO         4733    i.Task_Arrary       func_face.o
    0x0800cbec   0x000000ac   Code   RO         4945    i.Task_AutoReg      main.o
    0x0800cc98   0x00000044   Code   RO         4948    i.Task_CleanHistory  main.o
    0x0800ccdc   0x000000c8   Code   RO         4951    i.Task_Face         main.o
    0x0800cda4   0x0000018c   Code   RO         4953    i.Task_Gps          main.o
    0x0800cf30   0x000000b8   Code   RO         4954    i.Task_HistoryRecord  main.o
    0x0800cfe8   0x00000024   Code   RO         4734    i.Task_Join         func_face.o
    0x0800d00c   0x000000a4   Code   RO         4955    i.Task_KeyBoard     main.o
    0x0800d0b0   0x00000008   Code   RO         4956    i.Task_LoadConfigs  main.o
    0x0800d0b8   0x000001a4   Code   RO         4958    i.Task_M26          main.o
    0x0800d25c   0x000001e8   Code   RO         4959    i.Task_Plan         main.o
    0x0800d444   0x000000e8   Code   RO         4960    i.Task_PrintfHistory  main.o
    0x0800d52c   0x0000023c   Code   RO         4961    i.Task_PrintfLog    main.o
    0x0800d768   0x000000d0   Code   RO         4963    i.Task_Record       main.o
    0x0800d838   0x00000024   Code   RO         4964    i.Task_SaveConfigs  main.o
    0x0800d85c   0x00000290   Code   RO         4966    i.Task_SendMsg      main.o
    0x0800daec   0x0000002a   Code   RO         4062    i.ToHex64           text.o
    0x0800db16   0x00000002   PAD
    0x0800db18   0x00000040   Code   RO         4520    i.Tools_GetCRC16    cheakout.o
    0x0800db58   0x00000038   Code   RO         4521    i.Tools_GetCRC8     cheakout.o
    0x0800db90   0x0000001a   Code   RO         4523    i.Tools_GetXOR8     cheakout.o
    0x0800dbaa   0x00000002   PAD
    0x0800dbac   0x0000005c   Code   RO         3496    i.Tos_ComputeCPURate  tos.o
    0x0800dc08   0x00000098   Code   RO         3498    i.Tos_Init          tos.o
    0x0800dca0   0x00000020   Code   RO         3499    i.Tos_ListCreate    tos.o
    0x0800dcc0   0x00000012   Code   RO         3500    i.Tos_RootTask      tos.o
    0x0800dcd2   0x00000002   PAD
    0x0800dcd4   0x00000038   Code   RO         3716    i.Tos_ScanTimer     tos_timer.o
    0x0800dd0c   0x00000080   Code   RO         3502    i.Tos_Start         tos.o
    0x0800dd8c   0x00000050   Code   RO         3503    i.Tos_SysTick       tos.o
    0x0800dddc   0x000000d0   Code   RO         3504    i.Tos_TaskCreate    tos.o
    0x0800deac   0x00000064   Code   RO         3505    i.Tos_TaskCreateFindID  tos.o
    0x0800df10   0x00000060   Code   RO         3506    i.Tos_TaskCreateQmsg  tos.o
    0x0800df70   0x00000060   Code   RO         3507    i.Tos_TaskDelay     tos.o
    0x0800dfd0   0x00000040   Code   RO         3761    i.Tos_TaskDropDev   tos_device.o
    0x0800e010   0x0000008c   Code   RO         3762    i.Tos_TaskGetDev    tos_device.o
    0x0800e09c   0x00000014   Code   RO         4970    i.Tos_TaskGetHandKey  main.o
    0x0800e0b0   0x0000006c   Code   RO         3511    i.Tos_TaskGetQMsg   tos.o
    0x0800e11c   0x0000006c   Code   RO         3512    i.Tos_TaskGetQMsgDelay  tos.o
    0x0800e188   0x00000084   Code   RO         3514    i.Tos_TaskPutQmsg   tos.o
    0x0800e20c   0x000000c0   Code   RO         3516    i.Tos_TaskReady     tos.o
    0x0800e2cc   0x00000034   Code   RO         3517    i.Tos_TaskRecover   tos.o
    0x0800e300   0x00000054   Code   RO         3519    i.Tos_TaskRun       tos.o
    0x0800e354   0x0000006e   Code   RO         3521    i.Tos_TaskStackInit  tos.o
    0x0800e3c2   0x00000002   PAD
    0x0800e3c4   0x00000024   Code   RO         3522    i.Tos_TaskStart     tos.o
    0x0800e3e8   0x0000004c   Code   RO         3523    i.Tos_TaskStop      tos.o
    0x0800e434   0x0000007c   Code   RO         3524    i.Tos_TaskSuspend   tos.o
    0x0800e4b0   0x000000a0   Code   RO         3525    i.Tos_TaskSwitch    tos.o
    0x0800e550   0x00000012   Code   RO         3526    i.Tos_TaskTcbInit   tos.o
    0x0800e562   0x00000002   PAD
    0x0800e564   0x00000054   Code   RO         3527    i.Tos_TaskTimeout   tos.o
    0x0800e5b8   0x00000054   Code   RO         3717    i.Tos_TimerReady    tos_timer.o
    0x0800e60c   0x0000003c   Code   RO         3528    i.Tos_WaitDev       tos.o
    0x0800e648   0x00000054   Code   RO         3300    i.UART4_IRQHandler  usart_driver.o
    0x0800e69c   0x00000054   Code   RO         3301    i.UART5_IRQHandler  usart_driver.o
    0x0800e6f0   0x00000054   Code   RO         3302    i.USART1_IRQHandler  usart_driver.o
    0x0800e744   0x00000060   Code   RO         3303    i.USART2_IRQHandler  usart_driver.o
    0x0800e7a4   0x00000060   Code   RO         3304    i.USART3_IRQHandler  usart_driver.o
    0x0800e804   0x00000012   Code   RO          448    i.USART_ClearFlag   stm32lib_include.o
    0x0800e816   0x0000001e   Code   RO          449    i.USART_ClearITPendingBit  stm32lib_include.o
    0x0800e834   0x00000018   Code   RO          452    i.USART_Cmd         stm32lib_include.o
    0x0800e84c   0x0000008c   Code   RO         3305    i.USART_Configuration  usart_driver.o
    0x0800e8d8   0x0000006e   Code   RO         3306    i.USART_ConfigurationAll  usart_driver.o
    0x0800e946   0x00000002   PAD
    0x0800e948   0x000000c8   Code   RO         3307    i.USART_GPIO_Init   usart_driver.o
    0x0800ea10   0x00000056   Code   RO         3308    i.USART_GPIO_InitAll  usart_driver.o
    0x0800ea66   0x00000054   Code   RO          456    i.USART_GetITStatus  stm32lib_include.o
    0x0800eaba   0x00000002   PAD
    0x0800eabc   0x00000048   Code   RO         3309    i.USART_GetIndex    usart_driver.o
    0x0800eb04   0x0000003c   Code   RO         3310    i.USART_GetTypeDef  usart_driver.o
    0x0800eb40   0x0000004a   Code   RO          458    i.USART_ITConfig    stm32lib_include.o
    0x0800eb8a   0x00000002   PAD
    0x0800eb8c   0x000000d8   Code   RO          459    i.USART_Init        stm32lib_include.o
    0x0800ec64   0x0000002e   Code   RO         3311    i.USART_Read        usart_driver.o
    0x0800ec92   0x00000002   PAD
    0x0800ec94   0x000000b0   Code   RO         3312    i.USART_ReadDatas   usart_driver.o
    0x0800ed44   0x00000020   Code   RO         3313    i.USART_Write       usart_driver.o
    0x0800ed64   0x00000012   Code   RO         3314    i.USART_WriteData   usart_driver.o
    0x0800ed76   0x00000020   Code   RO         3315    i.USART_WriteDatas  usart_driver.o
    0x0800ed96   0x00000036   Code   RO         3316    i.USART_WriteLine   usart_driver.o
    0x0800edcc   0x0000000c   Code   RO          477    i.USBWakeUp_IRQHandler  stm32lib_include.o
    0x0800edd8   0x00000004   Code   RO          478    i.UsageFault_Handler  stm32lib_include.o
    0x0800eddc   0x0000002c   Code   RO         4975    i.W25Q16_Erase      main.o
    0x0800ee08   0x00000060   Code   RO         4976    i.W25Q16_EraseThis  main.o
    0x0800ee68   0x00000014   Code   RO         4979    i.W25Q16_Read       main.o
    0x0800ee7c   0x00000014   Code   RO         4981    i.W25Q16_StdRead    main.o
    0x0800ee90   0x00000014   Code   RO         4982    i.W25Q16_StdWrite   main.o
    0x0800eea4   0x00000024   Code   RO         6111    i.__0vsprintf       mc_w.l(printfa.o)
    0x0800eec8   0x0000000e   Code   RO         6241    i.__scatterload_copy  mc_w.l(handlers.o)
    0x0800eed6   0x00000002   Code   RO         6242    i.__scatterload_null  mc_w.l(handlers.o)
    0x0800eed8   0x0000000e   Code   RO         6243    i.__scatterload_zeroinit  mc_w.l(handlers.o)
    0x0800eee6   0x00000002   PAD
    0x0800eee8   0x0000015c   Code   RO         6112    i._fp_digits        mc_w.l(printfa.o)
    0x0800f044   0x000006f0   Code   RO         6113    i._printf_core      mc_w.l(printfa.o)
    0x0800f734   0x00000026   Code   RO         6114    i._printf_post_padding  mc_w.l(printfa.o)
    0x0800f75a   0x00000030   Code   RO         6115    i._printf_pre_padding  mc_w.l(printfa.o)
    0x0800f78a   0x0000000a   Code   RO         6117    i._sputc            mc_w.l(printfa.o)
    0x0800f794   0x00000010   Code   RO         3241    i.delay_us          i2c_driver.o
    0x0800f7a4   0x00000064   Code   RO         4991    i.main              main.o
    0x0800f808   0x00000200   Data   RO         4524    .constdata          cheakout.o
    0x0800fa08   0x00006ccc   Data   RO         4994    .constdata          main.o
    0x080166d4   0x000002b6   Data   RO         4995    .conststring        main.o
    0x0801698a   0x00000002   PAD
    0x0801698c   0x00000020   Data   RO         6239    Region$$Table       anon$$obj.o


    Execution Region RW_IRAM1 (Base: 0x20000000, Size: 0x0000a258, Max: 0x0000c000, ABSOLUTE)

    Base Addr    Size         Type   Attr      Idx    E Section Name        Object

    0x20000000   0x00000028   Data   RW          487    .data               stm32lib_include.o
    0x20000028   0x00000014   Data   RW         3318    .data               usart_driver.o
    0x2000003c   0x0000002c   Data   RW         3529    .data               tos.o
    0x20000068   0x00000004   Data   RW         3718    .data               tos_timer.o
    0x2000006c   0x00000008   Data   RW         3763    .data               tos_device.o
    0x20000074   0x00000004   Data   RW         3866    .data               tos_mema.o
    0x20000078   0x00000008   Data   RW         3910    .data               debug.o
    0x20000080   0x00000001   Data   RW         4737    .data               func_face.o
    0x20000081   0x00000003   PAD
    0x20000084   0x00000041   Data   RW         4996    .data               main.o
    0x200000c5   0x00000003   PAD
    0x200000c8   0x0000003c   Zero   RW         3317    .bss                usart_driver.o
    0x20000104   0x00009c40   Zero   RW         3865    .bss                tos_mema.o
    0x20009d44   0x00000110   Zero   RW         4993    .bss                main.o
    0x20009e54   0x00000004   PAD
    0x20009e58   0x00000400   Zero   RW         3146    STACK               startup_stm32f10x_hd.o


==============================================================================

Image component sizes


      Code (inc. data)   RO Data    RW Data    ZI Data      Debug   Object Name

       342         16          0          0          0       3833   appconfig.o
       362         20          0          0          0      19399   board_driver.o
       146          8        512          0          0       2217   cheakout.o
         0          0          0          0          0         32   core_cm3.o
       580         64          0          8          0       3232   debug.o
       152         12          0          1          0       2237   func_face.o
       622          0          0          0          0       5764   i2c_driver.o
     24150       4572      28546         65        272      94058   main.o
       666          0          0          0          0       2763   modbus.o
        36          8        304          0       1024        800   startup_stm32f10x_hd.o
      3346        234          0         40          0     319758   stm32lib_include.o
      1570         18          0          0          0      13381   text.o
       632        252          0          0          0       4247   tools.o
      2346        250          0         44          0      29128   tos.o
        80         10          0          0          0        260   tos_core_a.o
       784        120          0          8          0       4363   tos_device.o
       180         20          0          4      40000       2705   tos_mema.o
       140         10          0          4          0       1935   tos_timer.o
      1922        286          0         20         60      13136   usart_driver.o

    ----------------------------------------------------------------------
     38128       5900      29396        200      41360     523248   Object Totals
         0          0         32          0          0          0   (incl. Generated)
        72          0          2          6          4          0   (incl. Padding)

    ----------------------------------------------------------------------

      Code (inc. data)   RO Data    RW Data    ZI Data      Debug   Library Member Name

         0          0          0          0          0          0   entry.o
         0          0          0          0          0          0   entry10a.o
         0          0          0          0          0          0   entry11a.o
         8          4          0          0          0          0   entry2.o
         4          0          0          0          0          0   entry5.o
         0          0          0          0          0          0   entry7b.o
         0          0          0          0          0          0   entry8b.o
         8          4          0          0          0          0   entry9a.o
        30          0          0          0          0          0   handlers.o
        36          8          0          0          0         68   init.o
         0          0          0          0          0          0   iusefp.o
        30          0          0          0          0         68   llshl.o
        36          0          0          0          0         68   llsshr.o
        32          0          0          0          0         68   llushr.o
      2256         86          0          0          0        508   printfa.o
        36          0          0          0          0         80   strstr.o
        44          0          0          0          0         80   uidiv.o
        98          0          0          0          0         92   uldiv.o
        40          2          0          0          0         68   cdcmple.o
        40          2          0          0          0         68   cdrcmple.o
        20          0          0          0          0         68   cfcmple.o
        20          0          0          0          0         68   cfrcmple.o
        56          0          0          0          0         88   d2f.o
       334          0          0          0          0        148   dadd.o
       222          0          0          0          0        100   ddiv.o
       190          0          0          0          0        176   depilogue.o
        62          0          0          0          0         80   dfixi.o
        48          0          0          0          0         68   dfixul.o
        26          0          0          0          0         76   dfltui.o
       228          0          0          0          0         96   dmul.o
        38          0          0          0          0         68   f2d.o
       176          0          0          0          0        140   fadd.o
       128          0          0          0          0         88   fdiv.o
       108          0          0          0          0        168   fepilogue.o
        50          0          0          0          0         68   ffixi.o
        40          0          0          0          0         68   ffixui.o
        18          0          0          0          0         68   fflti.o
        10          0          0          0          0         68   ffltui.o
       108          0          0          0          0         76   fmul.o

    ----------------------------------------------------------------------
      4584        106          0          0          0       2948   Library Totals
         4          0          0          0          0          0   (incl. Padding)

    ----------------------------------------------------------------------

      Code (inc. data)   RO Data    RW Data    ZI Data      Debug   Library Name

      2618        102          0          0          0       1032   mc_w.l
      1962          4          0          0          0       1916   mf_w.l

    ----------------------------------------------------------------------
      4584        106          0          0          0       2948   Library Totals

    ----------------------------------------------------------------------

==============================================================================


      Code (inc. data)   RO Data    RW Data    ZI Data      Debug   

     42712       6006      29396        200      41360     507476   Grand Totals
     42712       6006      29396        200      41360     507476   ELF Image Totals
     42712       6006      29396        200          0          0   ROM Totals

==============================================================================

    Total RO  Size (Code + RO Data)                72108 (  70.42kB)
    Total RW  Size (RW Data + ZI Data)             41560 (  40.59kB)
    Total ROM Size (Code + RO Data + RW Data)      72308 (  70.61kB)

==============================================================================

